Archive member included to satisfy reference by file (symbol)

D:/Embedded_Toolchain/Arm-GNU-Toolchain/bin/../lib/gcc/arm-none-eabi/15.2.1/../../../../arm-none-eabi/lib/thumb/v7-m/nofp\libg_nano.a(libc_a-exit.o)
                              D:/Embedded_Toolchain/Arm-GNU-Toolchain/bin/../lib/gcc/arm-none-eabi/15.2.1/../../../../arm-none-eabi/lib/thumb/v7-m/nofp/crt0.o (exit)
D:/Embedded_Toolchain/Arm-GNU-Toolchain/bin/../lib/gcc/arm-none-eabi/15.2.1/../../../../arm-none-eabi/lib/thumb/v7-m/nofp\libg_nano.a(libc_a-nano-vfprintf_float.o)
                              (_printf_float)
D:/Embedded_Toolchain/Arm-GNU-Toolchain/bin/../lib/gcc/arm-none-eabi/15.2.1/../../../../arm-none-eabi/lib/thumb/v7-m/nofp\libg_nano.a(libc_a-nano-vfprintf_i.o)
                              D:/Embedded_Toolchain/Arm-GNU-Toolchain/bin/../lib/gcc/arm-none-eabi/15.2.1/../../../../arm-none-eabi/lib/thumb/v7-m/nofp\libg_nano.a(libc_a-nano-vfprintf_float.o) (_printf_common)
D:/Embedded_Toolchain/Arm-GNU-Toolchain/bin/../lib/gcc/arm-none-eabi/15.2.1/../../../../arm-none-eabi/lib/thumb/v7-m/nofp\libg_nano.a(libc_a-findfp.o)
                              D:/Embedded_Toolchain/Arm-GNU-Toolchain/bin/../lib/gcc/arm-none-eabi/15.2.1/../../../../arm-none-eabi/lib/thumb/v7-m/nofp\libg_nano.a(libc_a-exit.o) (__stdio_exit_handler)
D:/Embedded_Toolchain/Arm-GNU-Toolchain/bin/../lib/gcc/arm-none-eabi/15.2.1/../../../../arm-none-eabi/lib/thumb/v7-m/nofp\libg_nano.a(libc_a-fwalk.o)
                              D:/Embedded_Toolchain/Arm-GNU-Toolchain/bin/../lib/gcc/arm-none-eabi/15.2.1/../../../../arm-none-eabi/lib/thumb/v7-m/nofp\libg_nano.a(libc_a-findfp.o) (_fwalk_sglue)
D:/Embedded_Toolchain/Arm-GNU-Toolchain/bin/../lib/gcc/arm-none-eabi/15.2.1/../../../../arm-none-eabi/lib/thumb/v7-m/nofp\libg_nano.a(libc_a-printf.o)
                              CMakeFiles/Drone_controller.dir/Core/Src/main.c.obj (printf)
D:/Embedded_Toolchain/Arm-GNU-Toolchain/bin/../lib/gcc/arm-none-eabi/15.2.1/../../../../arm-none-eabi/lib/thumb/v7-m/nofp\libg_nano.a(libc_a-stdio.o)
                              D:/Embedded_Toolchain/Arm-GNU-Toolchain/bin/../lib/gcc/arm-none-eabi/15.2.1/../../../../arm-none-eabi/lib/thumb/v7-m/nofp\libg_nano.a(libc_a-findfp.o) (__sread)
D:/Embedded_Toolchain/Arm-GNU-Toolchain/bin/../lib/gcc/arm-none-eabi/15.2.1/../../../../arm-none-eabi/lib/thumb/v7-m/nofp\libg_nano.a(libc_a-memset.o)
                              D:/Embedded_Toolchain/Arm-GNU-Toolchain/bin/../lib/gcc/arm-none-eabi/15.2.1/../../../../arm-none-eabi/lib/thumb/v7-m/nofp/crt0.o (memset)
D:/Embedded_Toolchain/Arm-GNU-Toolchain/bin/../lib/gcc/arm-none-eabi/15.2.1/../../../../arm-none-eabi/lib/thumb/v7-m/nofp\libg_nano.a(libc_a-localeconv.o)
                              D:/Embedded_Toolchain/Arm-GNU-Toolchain/bin/../lib/gcc/arm-none-eabi/15.2.1/../../../../arm-none-eabi/lib/thumb/v7-m/nofp\libg_nano.a(libc_a-nano-vfprintf_float.o) (_localeconv_r)
D:/Embedded_Toolchain/Arm-GNU-Toolchain/bin/../lib/gcc/arm-none-eabi/15.2.1/../../../../arm-none-eabi/lib/thumb/v7-m/nofp\libg_nano.a(libc_a-closer.o)
                              D:/Embedded_Toolchain/Arm-GNU-Toolchain/bin/../lib/gcc/arm-none-eabi/15.2.1/../../../../arm-none-eabi/lib/thumb/v7-m/nofp\libg_nano.a(libc_a-stdio.o) (_close_r)
D:/Embedded_Toolchain/Arm-GNU-Toolchain/bin/../lib/gcc/arm-none-eabi/15.2.1/../../../../arm-none-eabi/lib/thumb/v7-m/nofp\libg_nano.a(libc_a-reent.o)
                              D:/Embedded_Toolchain/Arm-GNU-Toolchain/bin/../lib/gcc/arm-none-eabi/15.2.1/../../../../arm-none-eabi/lib/thumb/v7-m/nofp\libg_nano.a(libc_a-closer.o) (errno)
D:/Embedded_Toolchain/Arm-GNU-Toolchain/bin/../lib/gcc/arm-none-eabi/15.2.1/../../../../arm-none-eabi/lib/thumb/v7-m/nofp\libg_nano.a(libc_a-impure.o)
                              D:/Embedded_Toolchain/Arm-GNU-Toolchain/bin/../lib/gcc/arm-none-eabi/15.2.1/../../../../arm-none-eabi/lib/thumb/v7-m/nofp\libg_nano.a(libc_a-printf.o) (_impure_ptr)
D:/Embedded_Toolchain/Arm-GNU-Toolchain/bin/../lib/gcc/arm-none-eabi/15.2.1/../../../../arm-none-eabi/lib/thumb/v7-m/nofp\libg_nano.a(libc_a-lseekr.o)
                              D:/Embedded_Toolchain/Arm-GNU-Toolchain/bin/../lib/gcc/arm-none-eabi/15.2.1/../../../../arm-none-eabi/lib/thumb/v7-m/nofp\libg_nano.a(libc_a-stdio.o) (_lseek_r)
D:/Embedded_Toolchain/Arm-GNU-Toolchain/bin/../lib/gcc/arm-none-eabi/15.2.1/../../../../arm-none-eabi/lib/thumb/v7-m/nofp\libg_nano.a(libc_a-readr.o)
                              D:/Embedded_Toolchain/Arm-GNU-Toolchain/bin/../lib/gcc/arm-none-eabi/15.2.1/../../../../arm-none-eabi/lib/thumb/v7-m/nofp\libg_nano.a(libc_a-stdio.o) (_read_r)
D:/Embedded_Toolchain/Arm-GNU-Toolchain/bin/../lib/gcc/arm-none-eabi/15.2.1/../../../../arm-none-eabi/lib/thumb/v7-m/nofp\libg_nano.a(libc_a-writer.o)
                              D:/Embedded_Toolchain/Arm-GNU-Toolchain/bin/../lib/gcc/arm-none-eabi/15.2.1/../../../../arm-none-eabi/lib/thumb/v7-m/nofp\libg_nano.a(libc_a-stdio.o) (_write_r)
[...]
Memory Configuration

Name             Origin             Length             Attributes
RAM              0x20000000         0x00005000         xrw
FLASH            0x08000000         0x00010000         xr
*default*        0x00000000         0xffffffff

Linker script and memory map

LOAD D:/Embedded_Toolchain/Arm-GNU-Toolchain/bin/../lib/gcc/arm-none-eabi/15.2.1/thumb/v7-m/nofp/crti.o
LOAD D:/Embedded_Toolchain/Arm-GNU-Toolchain/bin/../lib/gcc/arm-none-eabi/15.2.1/thumb/v7-m/nofp/crtbegin.o
LOAD D:/Embedded_Toolchain/Arm-GNU-Toolchain/bin/../lib/gcc/arm-none-eabi/15.2.1/../../../../arm-none-eabi/lib/thumb/v7-m/nofp/crt0.o
LOAD cmake/stm32cubemx/CMakeFiles/STM32_Drivers.dir/__/__/Core/Src/system_stm32f1xx.c.obj
LOAD cmake/stm32cubemx/CMakeFiles/STM32_Drivers.dir/__/__/Drivers/STM32F1xx_HAL_Driver/Src/stm32f1xx_hal_gpio_ex.c.obj
LOAD cmake/stm32cubemx/CMakeFiles/STM32_Drivers.dir/__/__/Drivers/STM32F1xx_HAL_Driver/Src/stm32f1xx_hal_uart.c.obj
LOAD cmake/stm32cubemx/CMakeFiles/STM32_Drivers.dir/__/__/Drivers/STM32F1xx_HAL_Driver/Src/stm32f1xx_hal.c.obj
LOAD cmake/stm32cubemx/CMakeFiles/STM32_Drivers.dir/__/__/Drivers/STM32F1xx_HAL_Driver/Src/stm32f1xx_hal_rcc.c.obj
LOAD cmake/stm32cubemx/CMakeFiles/STM32_Drivers.dir/__/__/Drivers/STM32F1xx_HAL_Driver/Src/stm32f1xx_hal_rcc_ex.c.obj
LOAD cmake/stm32cubemx/CMakeFiles/STM32_Drivers.dir/__/__/Drivers/STM32F1xx_HAL_Driver/Src/stm32f1xx_hal_gpio.c.obj
LOAD cmake/stm32cubemx/CMakeFiles/STM32_Drivers.dir/__/__/Drivers/STM32F1xx_HAL_Driver/Src/stm32f1xx_hal_dma.c.obj
LOAD cmake/stm32cubemx/CMakeFiles/STM32_Drivers.dir/__/__/Drivers/STM32F1xx_HAL_Driver/Src/stm32f1xx_hal_cortex.c.obj
LOAD cmake/stm32cubemx/CMakeFiles/STM32_Drivers.dir/__/__/Drivers/STM32F1xx_HAL_Driver/Src/stm32f1xx_hal_pwr.c.obj
LOAD cmake/stm32cubemx/CMakeFiles/STM32_Drivers.dir/__/__/Drivers/STM32F1xx_HAL_Driver/Src/stm32f1xx_hal_flash.c.obj
LOAD cmake/stm32cubemx/CMakeFiles/STM32_Drivers.dir/__/__/Drivers/STM32F1xx_HAL_Driver/Src/stm32f1xx_hal_flash_ex.c.obj
LOAD cmake/stm32cubemx/CMakeFiles/STM32_Drivers.dir/__/__/Drivers/STM32F1xx_HAL_Driver/Src/stm32f1xx_hal_exti.c.obj
LOAD CMakeFiles/Drone_controller.dir/Core/Src/main.c.obj
LOAD CMakeFiles/Drone_controller.dir/Core/Src/gpio.c.obj
LOAD CMakeFiles/Drone_controller.dir/Core/Src/usart.c.obj
LOAD CMakeFiles/Drone_controller.dir/Core/Src/stm32f1xx_it.c.obj
LOAD CMakeFiles/Drone_controller.dir/Core/Src/stm32f1xx_hal_msp.c.obj
LOAD CMakeFiles/Drone_controller.dir/Core/Src/sysmem.c.obj
LOAD CMakeFiles/Drone_controller.dir/Core/Src/syscalls.c.obj
LOAD CMakeFiles/Drone_controller.dir/startup_stm32f103xb.s.obj
LOAD CMakeFiles/Drone_controller.dir/Application/app_freertos_task.c.obj
LOAD CMakeFiles/Drone_controller.dir/BSP/Drivers/pwr_mgmt.c.obj
LOAD CMakeFiles/Drone_controller.dir/common/com_debug/com_debug.c.obj
LOAD CMakeFiles/Drone_controller.dir/FreeRTOS/portable/cotex_m3/port.c.obj
LOAD CMakeFiles/Drone_controller.dir/FreeRTOS/portable/memory/heap_4.c.obj
LOAD CMakeFiles/Drone_controller.dir/FreeRTOS/source/croutine.c.obj
LOAD CMakeFiles/Drone_controller.dir/FreeRTOS/source/event_groups.c.obj
LOAD CMakeFiles/Drone_controller.dir/FreeRTOS/source/list.c.obj
LOAD CMakeFiles/Drone_controller.dir/FreeRTOS/source/queue.c.obj
LOAD CMakeFiles/Drone_controller.dir/FreeRTOS/source/stream_buffer.c.obj
LOAD CMakeFiles/Drone_controller.dir/FreeRTOS/source/tasks.c.obj
LOAD CMakeFiles/Drone_controller.dir/FreeRTOS/source/timers.c.obj
LOAD D:/Embedded_Toolchain/Arm-GNU-Toolchain/bin/../lib/gcc/arm-none-eabi/15.2.1/../../../../arm-none-eabi/lib/thumb/v7-m/nofp\libm.a
START GROUP
LOAD D:/Embedded_Toolchain/Arm-GNU-Toolchain/bin/../lib/gcc/arm-none-eabi/15.2.1/thumb/v7-m/nofp\libgcc.a
LOAD D:/Embedded_Toolchain/Arm-GNU-Toolchain/bin/../lib/gcc/arm-none-eabi/15.2.1/../../../../arm-none-eabi/lib/thumb/v7-m/nofp\libg_nano.a
LOAD D:/Embedded_Toolchain/Arm-GNU-Toolchain/bin/../lib/gcc/arm-none-eabi/15.2.1/../../../../arm-none-eabi/lib/thumb/v7-m/nofp\libc_nano.a
END GROUP
START GROUP
LOAD D:/Embedded_Toolchain/Arm-GNU-Toolchain/bin/../lib/gcc/arm-none-eabi/15.2.1/thumb/v7-m/nofp\libgcc.a
LOAD D:/Embedded_Toolchain/Arm-GNU-Toolchain/bin/../lib/gcc/arm-none-eabi/15.2.1/../../../../arm-none-eabi/lib/thumb/v7-m/nofp\libc_nano.a
END GROUP
LOAD D:/Embedded_Toolchain/Arm-GNU-Toolchain/bin/../lib/gcc/arm-none-eabi/15.2.1/thumb/v7-m/nofp/crtend.o
LOAD D:/Embedded_Toolchain/Arm-GNU-Toolchain/bin/../lib/gcc/arm-none-eabi/15.2.1/thumb/v7-m/nofp/crtn.o
                0x20005000                        _estack = (ORIGIN (RAM) + LENGTH (RAM))
                0x20004c00                        _sstack = (_estack - _Min_Stack_Size)
                0x00000200                        _Min_Heap_Size = 0x200
                0x00000400                        _Min_Stack_Size = 0x400

.isr_vector     0x08000000      0x10c
                0x08000000                        . = ALIGN (0x4)
 *(.isr_vector)
 .isr_vector    0x08000000      0x10c CMakeFiles/Drone_controller.dir/startup_stm32f103xb.s.obj
                0x08000000                g_pfnVectors
                0x0800010c                        . = ALIGN (0x4)

.text           0x08000110     0x5d20
                0x08000110                        . = ALIGN (0x4)
 *(.text)
 .text          0x08000110       0x10 D:/Embedded_Toolchain/Arm-GNU-Toolchain/bin/../lib/gcc/arm-none-eabi/15.2.1/../../../../arm-none-eabi/lib/thumb/v7-m/nofp\libg_nano.a(libc_a-strlen.o)
                0x08000110                strlen
 .text          0x08000120      0x378 D:/Embedded_Toolchain/Arm-GNU-Toolchain/bin/../lib/gcc/arm-none-eabi/15.2.1/thumb/v7-m/nofp\libgcc.a(_arm_addsubdf3.o)
                0x08000120                __aeabi_drsub
                0x08000128                __aeabi_dsub
                0x08000128                __subdf3
                0x0800012c                __aeabi_dadd
                0x0800012c                __adddf3
                0x080003a4                __floatunsidf
                0x080003a4                __aeabi_ui2d
                0x080003c4                __floatsidf
                0x080003c4                __aeabi_i2d
                0x080003e8                __aeabi_f2d
                0x080003e8                __extendsfdf2
                0x0800042c                __floatundidf
                0x0800042c                __aeabi_ul2d
                0x0800043c                __floatdidf
                0x0800043c                __aeabi_l2d
 .text          0x08000498      0x424 D:/Embedded_Toolchain/Arm-GNU-Toolchain/bin/../lib/gcc/arm-none-eabi/15.2.1/thumb/v7-m/nofp\libgcc.a(_arm_muldivdf3.o)
                0x08000498                __aeabi_dmul
                0x08000498                __muldf3
                0x080006ec                __divdf3
                0x080006ec                __aeabi_ddiv
 .text          0x080008bc      0x110 D:/Embedded_Toolchain/Arm-GNU-Toolchain/bin/../lib/gcc/arm-none-eabi/15.2.1/thumb/v7-m/nofp\libgcc.a(_arm_cmpdf2.o)
                0x080008bc                __gtdf2
                0x080008bc                __gedf2
                0x080008c4                __ltdf2
                0x080008c4                __ledf2
                0x080008cc                __nedf2
                0x080008cc                __eqdf2
                0x080008cc                __cmpdf2
                0x08000948                __aeabi_cdrcmple
                0x08000958                __aeabi_cdcmpeq
                0x08000958                __aeabi_cdcmple
                0x08000968                __aeabi_dcmpeq
                0x0800097c                __aeabi_dcmplt
                0x08000990                __aeabi_dcmple
                0x080009a4                __aeabi_dcmpge
                0x080009b8                __aeabi_dcmpgt
 .text          0x080009cc       0x2c D:/Embedded_Toolchain/Arm-GNU-Toolchain/bin/../lib/gcc/arm-none-eabi/15.2.1/thumb/v7-m/nofp\libgcc.a(_arm_unorddf2.o)
                0x080009cc                __unorddf2
                0x080009cc                __aeabi_dcmpun
 .text          0x080009f8       0x50 D:/Embedded_Toolchain/Arm-GNU-Toolchain/bin/../lib/gcc/arm-none-eabi/15.2.1/thumb/v7-m/nofp\libgcc.a(_arm_fixdfsi.o)
                0x080009f8                __aeabi_d2iz
                0x080009f8                __fixdfsi
 *(.text*)
 .text.deregister_tm_clones
                0x08000a48       0x1c D:/Embedded_Toolchain/Arm-GNU-Toolchain/bin/../lib/gcc/arm-none-eabi/15.2.1/thumb/v7-m/nofp/crtbegin.o
 .text.register_tm_clones
                0x08000a64       0x24 D:/Embedded_Toolchain/Arm-GNU-Toolchain/bin/../lib/gcc/arm-none-eabi/15.2.1/thumb/v7-m/nofp/crtbegin.o
 .text.__do_global_dtors_aux
                0x08000a88       0x28 D:/Embedded_Toolchain/Arm-GNU-Toolchain/bin/../lib/gcc/arm-none-eabi/15.2.1/thumb/v7-m/nofp/crtbegin.o
 .text.frame_dummy
                0x08000ab0       0x24 D:/Embedded_Toolchain/Arm-GNU-Toolchain/bin/../lib/gcc/arm-none-eabi/15.2.1/thumb/v7-m/nofp/crtbegin.o
 .text.SystemInit
                0x08000ad4        0xc cmake/stm32cubemx/CMakeFiles/STM32_Drivers.dir/__/__/Core/Src/system_stm32f1xx.c.obj
                0x08000ad4                SystemInit
 .text.HAL_UART_Init
                0x08000ae0       0xa0 cmake/stm32cubemx/CMakeFiles/STM32_Drivers.dir/__/__/Drivers/STM32F1xx_HAL_Driver/Src/stm32f1xx_hal_uart.c.obj
                0x08000ae0                HAL_UART_Init
 .text.HAL_UART_Transmit
                0x08000b80      0x116 cmake/stm32cubemx/CMakeFiles/STM32_Drivers.dir/__/__/Drivers/STM32F1xx_HAL_Driver/Src/stm32f1xx_hal_uart.c.obj
                0x08000b80                HAL_UART_Transmit
 .text.UART_WaitOnFlagUntilTimeout
                0x08000c96       0xb2 cmake/stm32cubemx/CMakeFiles/STM32_Drivers.dir/__/__/Drivers/STM32F1xx_HAL_Driver/Src/stm32f1xx_hal_uart.c.obj
 .text.UART_EndRxTransfer
                0x08000d48       0xc4 cmake/stm32cubemx/CMakeFiles/STM32_Drivers.dir/__/__/Drivers/STM32F1xx_HAL_Driver/Src/stm32f1xx_hal_uart.c.obj
 .text.UART_SetConfig
                0x08000e0c      0x11c cmake/stm32cubemx/CMakeFiles/STM32_Drivers.dir/__/__/Drivers/STM32F1xx_HAL_Driver/Src/stm32f1xx_hal_uart.c.obj
 .text.HAL_Init
                0x08000f28       0x2c cmake/stm32cubemx/CMakeFiles/STM32_Drivers.dir/__/__/Drivers/STM32F1xx_HAL_Driver/Src/stm32f1xx_hal.c.obj
                0x08000f28                HAL_Init
 .text.HAL_InitTick
                0x08000f54       0x60 cmake/stm32cubemx/CMakeFiles/STM32_Drivers.dir/__/__/Drivers/STM32F1xx_HAL_Driver/Src/stm32f1xx_hal.c.obj
                0x08000f54                HAL_InitTick
 .text.HAL_IncTick
                0x08000fb4       0x24 cmake/stm32cubemx/CMakeFiles/STM32_Drivers.dir/__/__/Drivers/STM32F1xx_HAL_Driver/Src/stm32f1xx_hal.c.obj
                0x08000fb4                HAL_IncTick
 .text.HAL_GetTick
                0x08000fd8       0x14 cmake/stm32cubemx/CMakeFiles/STM32_Drivers.dir/__/__/Drivers/STM32F1xx_HAL_Driver/Src/stm32f1xx_hal.c.obj
                0x08000fd8                HAL_GetTick
 .text.HAL_Delay
                0x08000fec       0x48 cmake/stm32cubemx/CMakeFiles/STM32_Drivers.dir/__/__/Drivers/STM32F1xx_HAL_Driver/Src/stm32f1xx_hal.c.obj
                0x08000fec                HAL_Delay
 .text.HAL_RCC_OscConfig
                0x08001034      0x504 cmake/stm32cubemx/CMakeFiles/STM32_Drivers.dir/__/__/Drivers/STM32F1xx_HAL_Driver/Src/stm32f1xx_hal_rcc.c.obj
                0x08001034                HAL_RCC_OscConfig
 .text.HAL_RCC_ClockConfig
                0x08001538      0x1d4 cmake/stm32cubemx/CMakeFiles/STM32_Drivers.dir/__/__/Drivers/STM32F1xx_HAL_Driver/Src/stm32f1xx_hal_rcc.c.obj
                0x08001538                HAL_RCC_ClockConfig
 .text.HAL_RCC_GetSysClockFreq
                0x0800170c       0xa8 cmake/stm32cubemx/CMakeFiles/STM32_Drivers.dir/__/__/Drivers/STM32F1xx_HAL_Driver/Src/stm32f1xx_hal_rcc.c.obj
                0x0800170c                HAL_RCC_GetSysClockFreq
 .text.HAL_RCC_GetHCLKFreq
                0x080017b4       0x14 cmake/stm32cubemx/CMakeFiles/STM32_Drivers.dir/__/__/Drivers/STM32F1xx_HAL_Driver/Src/stm32f1xx_hal_rcc.c.obj
                0x080017b4                HAL_RCC_GetHCLKFreq
 .text.HAL_RCC_GetPCLK1Freq
                0x080017c8       0x28 cmake/stm32cubemx/CMakeFiles/STM32_Drivers.dir/__/__/Drivers/STM32F1xx_HAL_Driver/Src/stm32f1xx_hal_rcc.c.obj
                0x080017c8                HAL_RCC_GetPCLK1Freq
 .text.HAL_RCC_GetPCLK2Freq
                0x080017f0       0x28 cmake/stm32cubemx/CMakeFiles/STM32_Drivers.dir/__/__/Drivers/STM32F1xx_HAL_Driver/Src/stm32f1xx_hal_rcc.c.obj
                0x080017f0                HAL_RCC_GetPCLK2Freq
 .text.RCC_Delay
                0x08001818       0x3c cmake/stm32cubemx/CMakeFiles/STM32_Drivers.dir/__/__/Drivers/STM32F1xx_HAL_Driver/Src/stm32f1xx_hal_rcc.c.obj
 .text.HAL_GPIO_Init
                0x08001854      0x2dc cmake/stm32cubemx/CMakeFiles/STM32_Drivers.dir/__/__/Drivers/STM32F1xx_HAL_Driver/Src/stm32f1xx_hal_gpio.c.obj
                0x08001854                HAL_GPIO_Init
 .text.HAL_GPIO_WritePin
                0x08001b30       0x30 cmake/stm32cubemx/CMakeFiles/STM32_Drivers.dir/__/__/Drivers/STM32F1xx_HAL_Driver/Src/stm32f1xx_hal_gpio.c.obj
                0x08001b30                HAL_GPIO_WritePin
 .text.__NVIC_SetPriorityGrouping
                0x08001b60       0x48 cmake/stm32cubemx/CMakeFiles/STM32_Drivers.dir/__/__/Drivers/STM32F1xx_HAL_Driver/Src/stm32f1xx_hal_cortex.c.obj
 .text.__NVIC_GetPriorityGrouping
                0x08001ba8       0x1c cmake/stm32cubemx/CMakeFiles/STM32_Drivers.dir/__/__/Drivers/STM32F1xx_HAL_Driver/Src/stm32f1xx_hal_cortex.c.obj
 .text.__NVIC_SetPriority
                0x08001bc4       0x54 cmake/stm32cubemx/CMakeFiles/STM32_Drivers.dir/__/__/Drivers/STM32F1xx_HAL_Driver/Src/stm32f1xx_hal_cortex.c.obj
 .text.NVIC_EncodePriority
                0x08001c18       0x6e cmake/stm32cubemx/CMakeFiles/STM32_Drivers.dir/__/__/Drivers/STM32F1xx_HAL_Driver/Src/stm32f1xx_hal_cortex.c.obj
 *fill*         0x08001c86        0x2 
 .text.SysTick_Config
                0x08001c88       0x44 cmake/stm32cubemx/CMakeFiles/STM32_Drivers.dir/__/__/Drivers/STM32F1xx_HAL_Driver/Src/stm32f1xx_hal_cortex.c.obj
 .text.HAL_NVIC_SetPriorityGrouping
                0x08001ccc       0x16 cmake/stm32cubemx/CMakeFiles/STM32_Drivers.dir/__/__/Drivers/STM32F1xx_HAL_Driver/Src/stm32f1xx_hal_cortex.c.obj
                0x08001ccc                HAL_NVIC_SetPriorityGrouping
 .text.HAL_NVIC_SetPriority
                0x08001ce2       0x38 cmake/stm32cubemx/CMakeFiles/STM32_Drivers.dir/__/__/Drivers/STM32F1xx_HAL_Driver/Src/stm32f1xx_hal_cortex.c.obj
                0x08001ce2                HAL_NVIC_SetPriority
 .text.HAL_SYSTICK_Config
                0x08001d1a       0x18 cmake/stm32cubemx/CMakeFiles/STM32_Drivers.dir/__/__/Drivers/STM32F1xx_HAL_Driver/Src/stm32f1xx_hal_cortex.c.obj
                0x08001d1a                HAL_SYSTICK_Config
 *fill*         0x08001d32        0x2 
 .text.main     0x08001d34       0x38 CMakeFiles/Drone_controller.dir/Core/Src/main.c.obj
                0x08001d34                main
 .text.SystemClock_Config
                0x08001d6c       0x8a CMakeFiles/Drone_controller.dir/Core/Src/main.c.obj
                0x08001d6c                SystemClock_Config
 .text.Error_Handler
                0x08001df6        0xc CMakeFiles/Drone_controller.dir/Core/Src/main.c.obj
                0x08001df6                Error_Handler
 *fill*         0x08001e02        0x2 
 .text.MX_GPIO_Init
                0x08001e04       0xb0 CMakeFiles/Drone_controller.dir/Core/Src/gpio.c.obj
                0x08001e04                MX_GPIO_Init
 .text.MX_USART1_UART_Init
                0x08001eb4       0x54 CMakeFiles/Drone_controller.dir/Core/Src/usart.c.obj
                0x08001eb4                MX_USART1_UART_Init
 .text.HAL_UART_MspInit
                0x08001f08       0x98 CMakeFiles/Drone_controller.dir/Core/Src/usart.c.obj
                0x08001f08                HAL_UART_MspInit
 .text.NMI_Handler
                0x08001fa0        0x8 CMakeFiles/Drone_controller.dir/Core/Src/stm32f1xx_it.c.obj
                0x08001fa0                NMI_Handler
 .text.HardFault_Handler
                0x08001fa8        0x8 CMakeFiles/Drone_controller.dir/Core/Src/stm32f1xx_it.c.obj
                0x08001fa8                HardFault_Handler
 .text.MemManage_Handler
                0x08001fb0        0x8 CMakeFiles/Drone_controller.dir/Core/Src/stm32f1xx_it.c.obj
                0x08001fb0                MemManage_Handler
 .text.BusFault_Handler
                0x08001fb8        0x8 CMakeFiles/Drone_controller.dir/Core/Src/stm32f1xx_it.c.obj
                0x08001fb8                BusFault_Handler
 .text.UsageFault_Handler
                0x08001fc0        0x8 CMakeFiles/Drone_controller.dir/Core/Src/stm32f1xx_it.c.obj
                0x08001fc0                UsageFault_Handler
 .text.DebugMon_Handler
                0x08001fc8        0xc CMakeFiles/Drone_controller.dir/Core/Src/stm32f1xx_it.c.obj
                0x08001fc8                DebugMon_Handler
 .text.SysTick_Handler
                0x08001fd4       0x1a CMakeFiles/Drone_controller.dir/Core/Src/stm32f1xx_it.c.obj
                0x08001fd4                SysTick_Handler
 *fill*         0x08001fee        0x2 
 .text.HAL_MspInit
                0x08001ff0       0x64 CMakeFiles/Drone_controller.dir/Core/Src/stm32f1xx_hal_msp.c.obj
                0x08001ff0                HAL_MspInit
 .text._sbrk    0x08002054       0x6c CMakeFiles/Drone_controller.dir/Core/Src/sysmem.c.obj
                0x08002054                _sbrk
 .text._getpid  0x080020c0        0xe CMakeFiles/Drone_controller.dir/Core/Src/syscalls.c.obj
                0x080020c0                _getpid
 .text._kill    0x080020ce       0x20 CMakeFiles/Drone_controller.dir/Core/Src/syscalls.c.obj
                0x080020ce                _kill
 .text._exit    0x080020ee       0x16 CMakeFiles/Drone_controller.dir/Core/Src/syscalls.c.obj
                0x080020ee                _exit
 .text._read    0x08002104       0x3a CMakeFiles/Drone_controller.dir/Core/Src/syscalls.c.obj
                0x08002104                _read
 .text._write   0x0800213e       0x38 CMakeFiles/Drone_controller.dir/Core/Src/syscalls.c.obj
                0x0800213e                _write
 .text._close   0x08002176       0x16 CMakeFiles/Drone_controller.dir/Core/Src/syscalls.c.obj
                0x08002176                _close
 .text._fstat   0x0800218c       0x1e CMakeFiles/Drone_controller.dir/Core/Src/syscalls.c.obj
                0x0800218c                _fstat
 .text._isatty  0x080021aa       0x14 CMakeFiles/Drone_controller.dir/Core/Src/syscalls.c.obj
                0x080021aa                _isatty
 .text._lseek   0x080021be       0x18 CMakeFiles/Drone_controller.dir/Core/Src/syscalls.c.obj
                0x080021be                _lseek
 *fill*         0x080021d6        0x2 
 .text.Reset_Handler
                0x080021d8       0x48 CMakeFiles/Drone_controller.dir/startup_stm32f103xb.s.obj
                0x080021d8                Reset_Handler
 .text.Default_Handler
                0x08002220        0x2 CMakeFiles/Drone_controller.dir/startup_stm32f103xb.s.obj
                0x08002220                RTC_Alarm_IRQHandler
                0x08002220                EXTI2_IRQHandler
                0x08002220                TIM1_CC_IRQHandler
                0x08002220                PVD_IRQHandler
                0x08002220                EXTI3_IRQHandler
                0x08002220                EXTI0_IRQHandler
                0x08002220                I2C2_EV_IRQHandler
                0x08002220                ADC1_2_IRQHandler
                0x08002220                SPI1_IRQHandler
                0x08002220                TAMPER_IRQHandler
                0x08002220                DMA1_Channel4_IRQHandler
                0x08002220                USART3_IRQHandler
                0x08002220                RTC_IRQHandler
                0x08002220                DMA1_Channel7_IRQHandler
                0x08002220                CAN1_RX1_IRQHandler
                0x08002220                TIM4_IRQHandler
                0x08002220                I2C1_EV_IRQHandler
                0x08002220                DMA1_Channel6_IRQHandler
                0x08002220                TIM3_IRQHandler
                0x08002220                RCC_IRQHandler
                0x08002220                TIM1_TRG_COM_IRQHandler
                0x08002220                DMA1_Channel1_IRQHandler
                0x08002220                Default_Handler
                0x08002220                EXTI15_10_IRQHandler
                0x08002220                EXTI9_5_IRQHandler
                0x08002220                SPI2_IRQHandler
                0x08002220                DMA1_Channel5_IRQHandler
                0x08002220                EXTI4_IRQHandler
                0x08002220                USB_LP_CAN1_RX0_IRQHandler
                0x08002220                USB_HP_CAN1_TX_IRQHandler
                0x08002220                DMA1_Channel3_IRQHandler
                0x08002220                TIM1_UP_IRQHandler
                0x08002220                WWDG_IRQHandler
                0x08002220                TIM2_IRQHandler
                0x08002220                TIM1_BRK_IRQHandler
                0x08002220                EXTI1_IRQHandler
                0x08002220                USART2_IRQHandler
                0x08002220                I2C2_ER_IRQHandler
                0x08002220                DMA1_Channel2_IRQHandler
                0x08002220                CAN1_SCE_IRQHandler
                0x08002220                FLASH_IRQHandler
                0x08002220                USART1_IRQHandler
                0x08002220                I2C1_ER_IRQHandler
                0x08002220                USBWakeUp_IRQHandler
 .text.vPWR_Task
                0x08002222       0x2a CMakeFiles/Drone_controller.dir/Application/app_freertos_task.c.obj
                0x08002222                vPWR_Task
 .text.APP_task_start
                0x0800224c       0x30 CMakeFiles/Drone_controller.dir/Application/app_freertos_task.c.obj
                0x0800224c                APP_task_start
 .text.PWR_MGMT_Init
                0x0800227c       0x18 CMakeFiles/Drone_controller.dir/BSP/Drivers/pwr_mgmt.c.obj
                0x0800227c                PWR_MGMT_Init
 .text.PWR_MGMT_Start
                0x08002294       0x2c CMakeFiles/Drone_controller.dir/BSP/Drivers/pwr_mgmt.c.obj
                0x08002294                PWR_MGMT_Start
 .text.__io_putchar
                0x080022c0       0x24 CMakeFiles/Drone_controller.dir/common/com_debug/com_debug.c.obj
                0x080022c0                __io_putchar
 .text.pxPortInitialiseStack
                0x080022e4       0x58 CMakeFiles/Drone_controller.dir/FreeRTOS/portable/cotex_m3/port.c.obj
                0x080022e4                pxPortInitialiseStack
 .text.prvTaskExitError
                0x0800233c       0x32 CMakeFiles/Drone_controller.dir/FreeRTOS/portable/cotex_m3/port.c.obj
 *fill*         0x0800236e        0x2 
 .text.SVC_Handler
                0x08002370       0x28 CMakeFiles/Drone_controller.dir/FreeRTOS/portable/cotex_m3/port.c.obj
                0x08002370                SVC_Handler
 .text.prvPortStartFirstTask
                0x08002398       0x24 CMakeFiles/Drone_controller.dir/FreeRTOS/portable/cotex_m3/port.c.obj
 .text.xPortStartScheduler
                0x080023bc       0x40 CMakeFiles/Drone_controller.dir/FreeRTOS/portable/cotex_m3/port.c.obj
                0x080023bc                xPortStartScheduler
 .text.vPortEnterCritical
                0x080023fc       0x34 CMakeFiles/Drone_controller.dir/FreeRTOS/portable/cotex_m3/port.c.obj
                0x080023fc                vPortEnterCritical
 .text.vPortExitCritical
                0x08002430       0x34 CMakeFiles/Drone_controller.dir/FreeRTOS/portable/cotex_m3/port.c.obj
                0x08002430                vPortExitCritical
 *fill*         0x08002464        0xc 
 .text.PendSV_Handler
                0x08002470       0x48 CMakeFiles/Drone_controller.dir/FreeRTOS/portable/cotex_m3/port.c.obj
                0x08002470                PendSV_Handler
 .text.xPortSysTickHandler
                0x080024b8       0x44 CMakeFiles/Drone_controller.dir/FreeRTOS/portable/cotex_m3/port.c.obj
                0x080024b8                xPortSysTickHandler
 .text.vPortSetupTimerInterrupt
                0x080024fc       0x34 CMakeFiles/Drone_controller.dir/FreeRTOS/portable/cotex_m3/port.c.obj
                0x080024fc                vPortSetupTimerInterrupt
 .text.pvPortMalloc
                0x08002530      0x134 CMakeFiles/Drone_controller.dir/FreeRTOS/portable/memory/heap_4.c.obj
                0x08002530                pvPortMalloc
 .text.vPortFree
                0x08002664       0x74 CMakeFiles/Drone_controller.dir/FreeRTOS/portable/memory/heap_4.c.obj
                0x08002664                vPortFree
 .text.prvHeapInit
                0x080026d8       0xb8 CMakeFiles/Drone_controller.dir/FreeRTOS/portable/memory/heap_4.c.obj
 .text.prvInsertBlockIntoFreeList
                0x08002790       0xb0 CMakeFiles/Drone_controller.dir/FreeRTOS/portable/memory/heap_4.c.obj
 .text.vListInitialise
                0x08002840       0x3e CMakeFiles/Drone_controller.dir/FreeRTOS/source/list.c.obj
                0x08002840                vListInitialise
 .text.vListInitialiseItem
                0x0800287e       0x18 CMakeFiles/Drone_controller.dir/FreeRTOS/source/list.c.obj
                0x0800287e                vListInitialiseItem
 .text.vListInsert
                0x08002896       0x70 CMakeFiles/Drone_controller.dir/FreeRTOS/source/list.c.obj
                0x08002896                vListInsert
 .text.uxListRemove
                0x08002906       0x52 CMakeFiles/Drone_controller.dir/FreeRTOS/source/list.c.obj
                0x08002906                uxListRemove
 .text.xTaskCreate
                0x08002958       0x8c CMakeFiles/Drone_controller.dir/FreeRTOS/source/tasks.c.obj
                0x08002958                xTaskCreate
 .text.prvInitialiseNewTask
                0x080029e4       0xd0 CMakeFiles/Drone_controller.dir/FreeRTOS/source/tasks.c.obj
 .text.prvAddNewTaskToReadyList
                0x08002ab4      0x124 CMakeFiles/Drone_controller.dir/FreeRTOS/source/tasks.c.obj
 .text.xTaskDelayUntil
                0x08002bd8       0xa4 CMakeFiles/Drone_controller.dir/FreeRTOS/source/tasks.c.obj
                0x08002bd8                xTaskDelayUntil
 .text.vTaskDelay
                0x08002c7c       0x48 CMakeFiles/Drone_controller.dir/FreeRTOS/source/tasks.c.obj
                0x08002c7c                vTaskDelay
 .text.vTaskStartScheduler
                0x08002cc4       0x78 CMakeFiles/Drone_controller.dir/FreeRTOS/source/tasks.c.obj
                0x08002cc4                vTaskStartScheduler
 .text.vTaskSuspendAll
                0x08002d3c       0x1c CMakeFiles/Drone_controller.dir/FreeRTOS/source/tasks.c.obj
                0x08002d3c                vTaskSuspendAll
 .text.xTaskResumeAll
                0x08002d58      0x1d8 CMakeFiles/Drone_controller.dir/FreeRTOS/source/tasks.c.obj
                0x08002d58                xTaskResumeAll
 .text.xTaskGetTickCount
                0x08002f30       0x1c CMakeFiles/Drone_controller.dir/FreeRTOS/source/tasks.c.obj
                0x08002f30                xTaskGetTickCount
 .text.xTaskIncrementTick
                0x08002f4c      0x20c CMakeFiles/Drone_controller.dir/FreeRTOS/source/tasks.c.obj
                0x08002f4c                xTaskIncrementTick
 .text.vTaskSwitchContext
                0x08003158       0x8c CMakeFiles/Drone_controller.dir/FreeRTOS/source/tasks.c.obj
                0x08003158                vTaskSwitchContext
 .text.prvIdleTask
                0x080031e4       0x30 CMakeFiles/Drone_controller.dir/FreeRTOS/source/tasks.c.obj
 .text.prvInitialiseTaskLists
                0x08003214       0x80 CMakeFiles/Drone_controller.dir/FreeRTOS/source/tasks.c.obj
 .text.prvCheckTasksWaitingTermination
                0x08003294       0x5c CMakeFiles/Drone_controller.dir/FreeRTOS/source/tasks.c.obj
 .text.prvDeleteTCB
                0x080032f0       0x20 CMakeFiles/Drone_controller.dir/FreeRTOS/source/tasks.c.obj
 .text.prvResetNextTaskUnblockTime
                0x08003310       0x34 CMakeFiles/Drone_controller.dir/FreeRTOS/source/tasks.c.obj
 .text.xTaskGetSchedulerState
                0x08003344       0x3c CMakeFiles/Drone_controller.dir/FreeRTOS/source/tasks.c.obj
                0x08003344                xTaskGetSchedulerState
 .text.prvAddCurrentTaskToDelayedList
                0x08003380      0x100 CMakeFiles/Drone_controller.dir/FreeRTOS/source/tasks.c.obj
 .text.__cvt    0x08003480       0xc2 D:/Embedded_Toolchain/Arm-GNU-Toolchain/bin/../lib/gcc/arm-none-eabi/15.2.1/../../../../arm-none-eabi/lib/thumb/v7-m/nofp\libg_nano.a(libc_a-nano-vfprintf_float.o)
                0x08003480                __cvt
 .text.__exponent
                0x08003542       0x78 D:/Embedded_Toolchain/Arm-GNU-Toolchain/bin/../lib/gcc/arm-none-eabi/15.2.1/../../../../arm-none-eabi/lib/thumb/v7-m/nofp\libg_nano.a(libc_a-nano-vfprintf_float.o)
                0x08003542                __exponent
 *fill*         0x080035ba        0x2 
 .text._printf_float
                0x080035bc      0x454 D:/Embedded_Toolchain/Arm-GNU-Toolchain/bin/../lib/gcc/arm-none-eabi/15.2.1/../../../../arm-none-eabi/lib/thumb/v7-m/nofp\libg_nano.a(libc_a-nano-vfprintf_float.o)
                0x080035bc                _printf_float
 .text._printf_common
                0x08003a10       0xea D:/Embedded_Toolchain/Arm-GNU-Toolchain/bin/../lib/gcc/arm-none-eabi/15.2.1/../../../../arm-none-eabi/lib/thumb/v7-m/nofp\libg_nano.a(libc_a-nano-vfprintf_i.o)
                0x08003a10                _printf_common
 *fill*         0x08003afa        0x2 
 .text._printf_i
                0x08003afc      0x254 D:/Embedded_Toolchain/Arm-GNU-Toolchain/bin/../lib/gcc/arm-none-eabi/15.2.1/../../../../arm-none-eabi/lib/thumb/v7-m/nofp\libg_nano.a(libc_a-nano-vfprintf_i.o)
                0x08003afc                _printf_i
 .text.std      0x08003d50       0x6c D:/Embedded_Toolchain/Arm-GNU-Toolchain/bin/../lib/gcc/arm-none-eabi/15.2.1/../../../../arm-none-eabi/lib/thumb/v7-m/nofp\libg_nano.a(libc_a-findfp.o)
 .text.stdio_exit_handler
                0x08003dbc       0x18 D:/Embedded_Toolchain/Arm-GNU-Toolchain/bin/../lib/gcc/arm-none-eabi/15.2.1/../../../../arm-none-eabi/lib/thumb/v7-m/nofp\libg_nano.a(libc_a-findfp.o)
 .text.cleanup_stdio
                0x08003dd4       0x40 D:/Embedded_Toolchain/Arm-GNU-Toolchain/bin/../lib/gcc/arm-none-eabi/15.2.1/../../../../arm-none-eabi/lib/thumb/v7-m/nofp\libg_nano.a(libc_a-findfp.o)
 .text.global_stdio_init.part.0
                0x08003e14       0x40 D:/Embedded_Toolchain/Arm-GNU-Toolchain/bin/../lib/gcc/arm-none-eabi/15.2.1/../../../../arm-none-eabi/lib/thumb/v7-m/nofp\libg_nano.a(libc_a-findfp.o)
 .text.__sfp_lock_acquire
                0x08003e54        0xc D:/Embedded_Toolchain/Arm-GNU-Toolchain/bin/../lib/gcc/arm-none-eabi/15.2.1/../../../../arm-none-eabi/lib/thumb/v7-m/nofp\libg_nano.a(libc_a-findfp.o)
                0x08003e54                __sfp_lock_acquire
 .text.__sfp_lock_release
                0x08003e60        0xc D:/Embedded_Toolchain/Arm-GNU-Toolchain/bin/../lib/gcc/arm-none-eabi/15.2.1/../../../../arm-none-eabi/lib/thumb/v7-m/nofp\libg_nano.a(libc_a-findfp.o)
                0x08003e60                __sfp_lock_release
 .text.__sinit  0x08003e6c       0x30 D:/Embedded_Toolchain/Arm-GNU-Toolchain/bin/../lib/gcc/arm-none-eabi/15.2.1/../../../../arm-none-eabi/lib/thumb/v7-m/nofp\libg_nano.a(libc_a-findfp.o)
                0x08003e6c                __sinit
 .text._fwalk_sglue
                0x08003e9c       0x3a D:/Embedded_Toolchain/Arm-GNU-Toolchain/bin/../lib/gcc/arm-none-eabi/15.2.1/../../../../arm-none-eabi/lib/thumb/v7-m/nofp\libg_nano.a(libc_a-fwalk.o)
                0x08003e9c                _fwalk_sglue
 *fill*         0x08003ed6        0x2 
 .text.printf   0x08003ed8       0x24 D:/Embedded_Toolchain/Arm-GNU-Toolchain/bin/../lib/gcc/arm-none-eabi/15.2.1/../../../../arm-none-eabi/lib/thumb/v7-m/nofp\libg_nano.a(libc_a-printf.o)
                0x08003ed8                iprintf
                0x08003ed8                printf
 .text.__sread  0x08003efc       0x22 D:/Embedded_Toolchain/Arm-GNU-Toolchain/bin/../lib/gcc/arm-none-eabi/15.2.1/../../../../arm-none-eabi/lib/thumb/v7-m/nofp\libg_nano.a(libc_a-stdio.o)
                0x08003efc                __sread
 .text.__swrite
                0x08003f1e       0x38 D:/Embedded_Toolchain/Arm-GNU-Toolchain/bin/../lib/gcc/arm-none-eabi/15.2.1/../../../../arm-none-eabi/lib/thumb/v7-m/nofp\libg_nano.a(libc_a-stdio.o)
                0x08003f1e                __swrite
 .text.__sseek  0x08003f56       0x26 D:/Embedded_Toolchain/Arm-GNU-Toolchain/bin/../lib/gcc/arm-none-eabi/15.2.1/../../../../arm-none-eabi/lib/thumb/v7-m/nofp\libg_nano.a(libc_a-stdio.o)
                0x08003f56                __sseek
 .text.__sclose
                0x08003f7c        0x8 D:/Embedded_Toolchain/Arm-GNU-Toolchain/bin/../lib/gcc/arm-none-eabi/15.2.1/../../../../arm-none-eabi/lib/thumb/v7-m/nofp\libg_nano.a(libc_a-stdio.o)
                0x08003f7c                __sclose
 .text.memset   0x08003f84       0x10 D:/Embedded_Toolchain/Arm-GNU-Toolchain/bin/../lib/gcc/arm-none-eabi/15.2.1/../../../../arm-none-eabi/lib/thumb/v7-m/nofp\libg_nano.a(libc_a-memset.o)
                0x08003f84                memset
 .text._localeconv_r
                0x08003f94        0x8 D:/Embedded_Toolchain/Arm-GNU-Toolchain/bin/../lib/gcc/arm-none-eabi/15.2.1/../../../../arm-none-eabi/lib/thumb/v7-m/nofp\libg_nano.a(libc_a-localeconv.o)
                0x08003f94                _localeconv_r
 .text._close_r
                0x08003f9c       0x20 D:/Embedded_Toolchain/Arm-GNU-Toolchain/bin/../lib/gcc/arm-none-eabi/15.2.1/../../../../arm-none-eabi/lib/thumb/v7-m/nofp\libg_nano.a(libc_a-closer.o)
                0x08003f9c                _close_r
 .text._lseek_r
                0x08003fbc       0x24 D:/Embedded_Toolchain/Arm-GNU-Toolchain/bin/../lib/gcc/arm-none-eabi/15.2.1/../../../../arm-none-eabi/lib/thumb/v7-m/nofp\libg_nano.a(libc_a-lseekr.o)
                0x08003fbc                _lseek_r
 .text._read_r  0x08003fe0       0x24 D:/Embedded_Toolchain/Arm-GNU-Toolchain/bin/../lib/gcc/arm-none-eabi/15.2.1/../../../../arm-none-eabi/lib/thumb/v7-m/nofp\libg_nano.a(libc_a-readr.o)
                0x08003fe0                _read_r
 .text._write_r
                0x08004004       0x24 D:/Embedded_Toolchain/Arm-GNU-Toolchain/bin/../lib/gcc/arm-none-eabi/15.2.1/../../../../arm-none-eabi/lib/thumb/v7-m/nofp\libg_nano.a(libc_a-writer.o)
                0x08004004                _write_r
 .text.__errno  0x08004028        0xc D:/Embedded_Toolchain/Arm-GNU-Toolchain/bin/../lib/gcc/arm-none-eabi/15.2.1/../../../../arm-none-eabi/lib/thumb/v7-m/nofp\libg_nano.a(libc_a-errno.o)
                0x08004028                __errno
 .text.__libc_init_array
                0x08004034       0x48 D:/Embedded_Toolchain/Arm-GNU-Toolchain/bin/../lib/gcc/arm-none-eabi/15.2.1/../../../../arm-none-eabi/lib/thumb/v7-m/nofp\libg_nano.a(libc_a-init.o)
                0x08004034                __libc_init_array
 .text.__retarget_lock_init_recursive
                0x0800407c        0x2 D:/Embedded_Toolchain/Arm-GNU-Toolchain/bin/../lib/gcc/arm-none-eabi/15.2.1/../../../../arm-none-eabi/lib/thumb/v7-m/nofp\libg_nano.a(libc_a-lock.o)
                0x0800407c                __retarget_lock_init_recursive
 .text.__retarget_lock_acquire_recursive
                0x0800407e        0x2 D:/Embedded_Toolchain/Arm-GNU-Toolchain/bin/../lib/gcc/arm-none-eabi/15.2.1/../../../../arm-none-eabi/lib/thumb/v7-m/nofp\libg_nano.a(libc_a-lock.o)
                0x0800407e                __retarget_lock_acquire_recursive
 .text.__retarget_lock_release_recursive
                0x08004080        0x2 D:/Embedded_Toolchain/Arm-GNU-Toolchain/bin/../lib/gcc/arm-none-eabi/15.2.1/../../../../arm-none-eabi/lib/thumb/v7-m/nofp\libg_nano.a(libc_a-lock.o)
                0x08004080                __retarget_lock_release_recursive
 .text.memchr   0x08004082       0x1c D:/Embedded_Toolchain/Arm-GNU-Toolchain/bin/../lib/gcc/arm-none-eabi/15.2.1/../../../../arm-none-eabi/lib/thumb/v7-m/nofp\libg_nano.a(libc_a-memchr-stub.o)
                0x08004082                memchr
 .text.memcpy   0x0800409e       0x1c D:/Embedded_Toolchain/Arm-GNU-Toolchain/bin/../lib/gcc/arm-none-eabi/15.2.1/../../../../arm-none-eabi/lib/thumb/v7-m/nofp\libg_nano.a(libc_a-memcpy-stub.o)
                0x0800409e                memcpy
 .text.quorem   0x080040ba      0x110 D:/Embedded_Toolchain/Arm-GNU-Toolchain/bin/../lib/gcc/arm-none-eabi/15.2.1/../../../../arm-none-eabi/lib/thumb/v7-m/nofp\libg_nano.a(libc_a-dtoa.o)
 *fill*         0x080041ca        0x6 
 .text._dtoa_r  0x080041d0      0xbbc D:/Embedded_Toolchain/Arm-GNU-Toolchain/bin/../lib/gcc/arm-none-eabi/15.2.1/../../../../arm-none-eabi/lib/thumb/v7-m/nofp\libg_nano.a(libc_a-dtoa.o)
                0x080041d0                _dtoa_r
 .text._free_r  0x08004d8c       0x94 D:/Embedded_Toolchain/Arm-GNU-Toolchain/bin/../lib/gcc/arm-none-eabi/15.2.1/../../../../arm-none-eabi/lib/thumb/v7-m/nofp\libg_nano.a(libc_a-freer.o)
                0x08004d8c                _free_r
 .text.malloc   0x08004e20       0x10 D:/Embedded_Toolchain/Arm-GNU-Toolchain/bin/../lib/gcc/arm-none-eabi/15.2.1/../../../../arm-none-eabi/lib/thumb/v7-m/nofp\libg_nano.a(libc_a-malloc.o)
                0x08004e20                malloc
 .text.sbrk_aligned
                0x08004e30       0x44 D:/Embedded_Toolchain/Arm-GNU-Toolchain/bin/../lib/gcc/arm-none-eabi/15.2.1/../../../../arm-none-eabi/lib/thumb/v7-m/nofp\libg_nano.a(libc_a-mallocr.o)
 .text._malloc_r
                0x08004e74       0xf8 D:/Embedded_Toolchain/Arm-GNU-Toolchain/bin/../lib/gcc/arm-none-eabi/15.2.1/../../../../arm-none-eabi/lib/thumb/v7-m/nofp\libg_nano.a(libc_a-mallocr.o)
                0x08004e74                _malloc_r
 .text.__malloc_lock
                0x08004f6c        0xc D:/Embedded_Toolchain/Arm-GNU-Toolchain/bin/../lib/gcc/arm-none-eabi/15.2.1/../../../../arm-none-eabi/lib/thumb/v7-m/nofp\libg_nano.a(libc_a-mlock.o)
                0x08004f6c                __malloc_lock
 .text.__malloc_unlock
                0x08004f78        0xc D:/Embedded_Toolchain/Arm-GNU-Toolchain/bin/../lib/gcc/arm-none-eabi/15.2.1/../../../../arm-none-eabi/lib/thumb/v7-m/nofp\libg_nano.a(libc_a-mlock.o)
                0x08004f78                __malloc_unlock
 .text._Balloc  0x08004f84       0x7c D:/Embedded_Toolchain/Arm-GNU-Toolchain/bin/../lib/gcc/arm-none-eabi/15.2.1/../../../../arm-none-eabi/lib/thumb/v7-m/nofp\libg_nano.a(libc_a-mprec.o)
                0x08004f84                _Balloc
 .text._Bfree   0x08005000       0x44 D:/Embedded_Toolchain/Arm-GNU-Toolchain/bin/../lib/gcc/arm-none-eabi/15.2.1/../../../../arm-none-eabi/lib/thumb/v7-m/nofp\libg_nano.a(libc_a-mprec.o)
                0x08005000                _Bfree
 .text.__multadd
                0x08005044       0x8c D:/Embedded_Toolchain/Arm-GNU-Toolchain/bin/../lib/gcc/arm-none-eabi/15.2.1/../../../../arm-none-eabi/lib/thumb/v7-m/nofp\libg_nano.a(libc_a-mprec.o)
                0x08005044                __multadd
 .text.__hi0bits
                0x080050d0       0x3c D:/Embedded_Toolchain/Arm-GNU-Toolchain/bin/../lib/gcc/arm-none-eabi/15.2.1/../../../../arm-none-eabi/lib/thumb/v7-m/nofp\libg_nano.a(libc_a-mprec.o)
                0x080050d0                __hi0bits
 .text.__lo0bits
                0x0800510c       0x5c D:/Embedded_Toolchain/Arm-GNU-Toolchain/bin/../lib/gcc/arm-none-eabi/15.2.1/../../../../arm-none-eabi/lib/thumb/v7-m/nofp\libg_nano.a(libc_a-mprec.o)
                0x0800510c                __lo0bits
 .text.__i2b    0x08005168       0x2c D:/Embedded_Toolchain/Arm-GNU-Toolchain/bin/../lib/gcc/arm-none-eabi/15.2.1/../../../../arm-none-eabi/lib/thumb/v7-m/nofp\libg_nano.a(libc_a-mprec.o)
                0x08005168                __i2b
 .text.__multiply
                0x08005194      0x16c D:/Embedded_Toolchain/Arm-GNU-Toolchain/bin/../lib/gcc/arm-none-eabi/15.2.1/../../../../arm-none-eabi/lib/thumb/v7-m/nofp\libg_nano.a(libc_a-mprec.o)
                0x08005194                __multiply
 .text.__pow5mult
                0x08005300       0xb8 D:/Embedded_Toolchain/Arm-GNU-Toolchain/bin/../lib/gcc/arm-none-eabi/15.2.1/../../../../arm-none-eabi/lib/thumb/v7-m/nofp\libg_nano.a(libc_a-mprec.o)
                0x08005300                __pow5mult
 .text.__lshift
                0x080053b8       0xe4 D:/Embedded_Toolchain/Arm-GNU-Toolchain/bin/../lib/gcc/arm-none-eabi/15.2.1/../../../../arm-none-eabi/lib/thumb/v7-m/nofp\libg_nano.a(libc_a-mprec.o)
                0x080053b8                __lshift
 .text.__mcmp   0x0800549c       0x36 D:/Embedded_Toolchain/Arm-GNU-Toolchain/bin/../lib/gcc/arm-none-eabi/15.2.1/../../../../arm-none-eabi/lib/thumb/v7-m/nofp\libg_nano.a(libc_a-mprec.o)
                0x0800549c                __mcmp
 *fill*         0x080054d2        0x2 
 .text.__mdiff  0x080054d4      0x130 D:/Embedded_Toolchain/Arm-GNU-Toolchain/bin/../lib/gcc/arm-none-eabi/15.2.1/../../../../arm-none-eabi/lib/thumb/v7-m/nofp\libg_nano.a(libc_a-mprec.o)
                0x080054d4                __mdiff
 .text.__d2b    0x08005604       0xb0 D:/Embedded_Toolchain/Arm-GNU-Toolchain/bin/../lib/gcc/arm-none-eabi/15.2.1/../../../../arm-none-eabi/lib/thumb/v7-m/nofp\libg_nano.a(libc_a-mprec.o)
                0x08005604                __d2b
 .text.__sfputc_r
                0x080056b4       0x2a D:/Embedded_Toolchain/Arm-GNU-Toolchain/bin/../lib/gcc/arm-none-eabi/15.2.1/../../../../arm-none-eabi/lib/thumb/v7-m/nofp\libg_nano.a(libc_a-nano-vfprintf.o)
 .text.__sfputs_r
                0x080056de       0x24 D:/Embedded_Toolchain/Arm-GNU-Toolchain/bin/../lib/gcc/arm-none-eabi/15.2.1/../../../../arm-none-eabi/lib/thumb/v7-m/nofp\libg_nano.a(libc_a-nano-vfprintf.o)
                0x080056de                __sfputs_r
 *fill*         0x08005702        0x2 
 .text._vfprintf_r
                0x08005704      0x228 D:/Embedded_Toolchain/Arm-GNU-Toolchain/bin/../lib/gcc/arm-none-eabi/15.2.1/../../../../arm-none-eabi/lib/thumb/v7-m/nofp\libg_nano.a(libc_a-nano-vfprintf.o)
                0x08005704                _vfprintf_r
                0x08005704                _vfiprintf_r
 .text.__sflush_r
                0x0800592c       0xf8 D:/Embedded_Toolchain/Arm-GNU-Toolchain/bin/../lib/gcc/arm-none-eabi/15.2.1/../../../../arm-none-eabi/lib/thumb/v7-m/nofp\libg_nano.a(libc_a-fflush.o)
                0x0800592c                __sflush_r
 .text._fflush_r
                0x08005a24       0x50 D:/Embedded_Toolchain/Arm-GNU-Toolchain/bin/../lib/gcc/arm-none-eabi/15.2.1/../../../../arm-none-eabi/lib/thumb/v7-m/nofp\libg_nano.a(libc_a-fflush.o)
                0x08005a24                _fflush_r
 .text.__swbuf_r
                0x08005a74       0x7a D:/Embedded_Toolchain/Arm-GNU-Toolchain/bin/../lib/gcc/arm-none-eabi/15.2.1/../../../../arm-none-eabi/lib/thumb/v7-m/nofp\libg_nano.a(libc_a-wbuf.o)
                0x08005a74                __swbuf_r
 *fill*         0x08005aee        0x2 
 .text.__swsetup_r
                0x08005af0       0xa8 D:/Embedded_Toolchain/Arm-GNU-Toolchain/bin/../lib/gcc/arm-none-eabi/15.2.1/../../../../arm-none-eabi/lib/thumb/v7-m/nofp\libg_nano.a(libc_a-wsetup.o)
                0x08005af0                __swsetup_r
 .text._sbrk_r  0x08005b98       0x20 D:/Embedded_Toolchain/Arm-GNU-Toolchain/bin/../lib/gcc/arm-none-eabi/15.2.1/../../../../arm-none-eabi/lib/thumb/v7-m/nofp\libg_nano.a(libc_a-sbrkr.o)
                0x08005b98                _sbrk_r
 .text.__assert_func
                0x08005bb8       0x3c D:/Embedded_Toolchain/Arm-GNU-Toolchain/bin/../lib/gcc/arm-none-eabi/15.2.1/../../../../arm-none-eabi/lib/thumb/v7-m/nofp\libg_nano.a(libc_a-assert.o)
                0x08005bb8                __assert_func
 .text._calloc_r
                0x08005bf4       0x28 D:/Embedded_Toolchain/Arm-GNU-Toolchain/bin/../lib/gcc/arm-none-eabi/15.2.1/../../../../arm-none-eabi/lib/thumb/v7-m/nofp\libg_nano.a(libc_a-callocr.o)
                0x08005bf4                _calloc_r
 .text.__ascii_mbtowc
                0x08005c1c       0x24 D:/Embedded_Toolchain/Arm-GNU-Toolchain/bin/../lib/gcc/arm-none-eabi/15.2.1/../../../../arm-none-eabi/lib/thumb/v7-m/nofp\libg_nano.a(libc_a-mbtowc_r.o)
                0x08005c1c                __ascii_mbtowc
 .text.__ascii_wctomb
                0x08005c40       0x1a D:/Embedded_Toolchain/Arm-GNU-Toolchain/bin/../lib/gcc/arm-none-eabi/15.2.1/../../../../arm-none-eabi/lib/thumb/v7-m/nofp\libg_nano.a(libc_a-wctomb_r.o)
                0x08005c40                __ascii_wctomb
 *fill*         0x08005c5a        0x2 
 .text.fprintf  0x08005c5c       0x24 D:/Embedded_Toolchain/Arm-GNU-Toolchain/bin/../lib/gcc/arm-none-eabi/15.2.1/../../../../arm-none-eabi/lib/thumb/v7-m/nofp\libg_nano.a(libc_a-fprintf.o)
                0x08005c5c                fiprintf
                0x08005c5c                fprintf
 .text.__swhatbuf_r
                0x08005c80       0x48 D:/Embedded_Toolchain/Arm-GNU-Toolchain/bin/../lib/gcc/arm-none-eabi/15.2.1/../../../../arm-none-eabi/lib/thumb/v7-m/nofp\libg_nano.a(libc_a-makebuf.o)
                0x08005c80                __swhatbuf_r
 .text.__smakebuf_r
                0x08005cc8       0x72 D:/Embedded_Toolchain/Arm-GNU-Toolchain/bin/../lib/gcc/arm-none-eabi/15.2.1/../../../../arm-none-eabi/lib/thumb/v7-m/nofp\libg_nano.a(libc_a-makebuf.o)
                0x08005cc8                __smakebuf_r
 *fill*         0x08005d3a        0x2 
 .text._fstat_r
                0x08005d3c       0x24 D:/Embedded_Toolchain/Arm-GNU-Toolchain/bin/../lib/gcc/arm-none-eabi/15.2.1/../../../../arm-none-eabi/lib/thumb/v7-m/nofp\libg_nano.a(libc_a-fstatr.o)
                0x08005d3c                _fstat_r
 .text._isatty_r
                0x08005d60       0x20 D:/Embedded_Toolchain/Arm-GNU-Toolchain/bin/../lib/gcc/arm-none-eabi/15.2.1/../../../../arm-none-eabi/lib/thumb/v7-m/nofp\libg_nano.a(libc_a-isattyr.o)
                0x08005d60                _isatty_r
 .text.abort    0x08005d80        0xe D:/Embedded_Toolchain/Arm-GNU-Toolchain/bin/../lib/gcc/arm-none-eabi/15.2.1/../../../../arm-none-eabi/lib/thumb/v7-m/nofp\libg_nano.a(libc_a-abort.o)
                0x08005d80                abort
 .text._raise_r
                0x08005d8e       0x50 D:/Embedded_Toolchain/Arm-GNU-Toolchain/bin/../lib/gcc/arm-none-eabi/15.2.1/../../../../arm-none-eabi/lib/thumb/v7-m/nofp\libg_nano.a(libc_a-signal.o)
                0x08005d8e                _raise_r
 *fill*         0x08005dde        0x2 
 .text.raise    0x08005de0       0x10 D:/Embedded_Toolchain/Arm-GNU-Toolchain/bin/../lib/gcc/arm-none-eabi/15.2.1/../../../../arm-none-eabi/lib/thumb/v7-m/nofp\libg_nano.a(libc_a-signal.o)
                0x08005de0                raise
 .text._kill_r  0x08005df0       0x24 D:/Embedded_Toolchain/Arm-GNU-Toolchain/bin/../lib/gcc/arm-none-eabi/15.2.1/../../../../arm-none-eabi/lib/thumb/v7-m/nofp\libg_nano.a(libc_a-signalr.o)
                0x08005df0                _kill_r
 .text._getpid_r
                0x08005e14        0x4 D:/Embedded_Toolchain/Arm-GNU-Toolchain/bin/../lib/gcc/arm-none-eabi/15.2.1/../../../../arm-none-eabi/lib/thumb/v7-m/nofp\libg_nano.a(libc_a-signalr.o)
                0x08005e14                _getpid_r
 *(.glue_7)
 .glue_7        0x08005e18        0x0 linker stubs
 *(.glue_7t)
 .glue_7t       0x08005e18        0x0 linker stubs
 *(.eh_frame)
 .eh_frame      0x08005e18        0x0 D:/Embedded_Toolchain/Arm-GNU-Toolchain/bin/../lib/gcc/arm-none-eabi/15.2.1/thumb/v7-m/nofp/crtbegin.o
 *(.init)
 .init          0x08005e18        0x4 D:/Embedded_Toolchain/Arm-GNU-Toolchain/bin/../lib/gcc/arm-none-eabi/15.2.1/thumb/v7-m/nofp/crti.o
                0x08005e18                _init
 .init          0x08005e1c        0x8 D:/Embedded_Toolchain/Arm-GNU-Toolchain/bin/../lib/gcc/arm-none-eabi/15.2.1/thumb/v7-m/nofp/crtn.o
 *(.fini)
 .fini          0x08005e24        0x4 D:/Embedded_Toolchain/Arm-GNU-Toolchain/bin/../lib/gcc/arm-none-eabi/15.2.1/thumb/v7-m/nofp/crti.o
                0x08005e24                _fini
 .fini          0x08005e28        0x8 D:/Embedded_Toolchain/Arm-GNU-Toolchain/bin/../lib/gcc/arm-none-eabi/15.2.1/thumb/v7-m/nofp/crtn.o
                0x08005e30                        . = ALIGN (0x4)
                0x08005e30                        _etext = .

.vfp11_veneer   0x08005e30        0x0
 .vfp11_veneer  0x08005e30        0x0 linker stubs

.v4_bx          0x08005e30        0x0
 .v4_bx         0x08005e30        0x0 linker stubs

.iplt           0x08005e30        0x0
 .iplt          0x08005e30        0x0 D:/Embedded_Toolchain/Arm-GNU-Toolchain/bin/../lib/gcc/arm-none-eabi/15.2.1/thumb/v7-m/nofp/crtbegin.o

.rodata         0x08005e30      0x40c
                0x08005e30                        . = ALIGN (0x4)
 *(.rodata)
 .rodata        0x08005e30       0x4e CMakeFiles/Drone_controller.dir/Core/Src/main.c.obj
 *fill*         0x08005e7e        0x2 
 .rodata        0x08005e80        0x9 CMakeFiles/Drone_controller.dir/Application/app_freertos_task.c.obj
 *fill*         0x08005e89        0x3 
 .rodata        0x08005e8c        0x5 CMakeFiles/Drone_controller.dir/FreeRTOS/source/tasks.c.obj
 *(.rodata*)
 *fill*         0x08005e91        0x3 
 .rodata.AHBPrescTable
                0x08005e94       0x10 cmake/stm32cubemx/CMakeFiles/STM32_Drivers.dir/__/__/Core/Src/system_stm32f1xx.c.obj
                0x08005e94                AHBPrescTable
 .rodata.APBPrescTable
                0x08005ea4        0x8 cmake/stm32cubemx/CMakeFiles/STM32_Drivers.dir/__/__/Core/Src/system_stm32f1xx.c.obj
                0x08005ea4                APBPrescTable
 .rodata.aPLLMULFactorTable.1
                0x08005eac       0x10 cmake/stm32cubemx/CMakeFiles/STM32_Drivers.dir/__/__/Drivers/STM32F1xx_HAL_Driver/Src/stm32f1xx_hal_rcc.c.obj
 .rodata.aPredivFactorTable.0
                0x08005ebc        0x2 cmake/stm32cubemx/CMakeFiles/STM32_Drivers.dir/__/__/Drivers/STM32F1xx_HAL_Driver/Src/stm32f1xx_hal_rcc.c.obj
 *fill*         0x08005ebe        0x2 
 .rodata.uxTopUsedPriority
                0x08005ec0        0x4 CMakeFiles/Drone_controller.dir/FreeRTOS/source/tasks.c.obj
                0x08005ec0                uxTopUsedPriority
 .rodata._printf_float.str1.1
                0x08005ec4      0x177 D:/Embedded_Toolchain/Arm-GNU-Toolchain/bin/../lib/gcc/arm-none-eabi/15.2.1/../../../../arm-none-eabi/lib/thumb/v7-m/nofp\libg_nano.a(libc_a-nano-vfprintf_float.o)
                                 0x12 (size before relaxing)
 .rodata._printf_i.str1.1
                0x0800603b        0x0 D:/Embedded_Toolchain/Arm-GNU-Toolchain/bin/../lib/gcc/arm-none-eabi/15.2.1/../../../../arm-none-eabi/lib/thumb/v7-m/nofp\libg_nano.a(libc_a-nano-vfprintf_i.o)
                                 0x22 (size before relaxing)
 .rodata._dtoa_r.str1.1
                0x0800603b        0x0 D:/Embedded_Toolchain/Arm-GNU-Toolchain/bin/../lib/gcc/arm-none-eabi/15.2.1/../../../../arm-none-eabi/lib/thumb/v7-m/nofp\libg_nano.a(libc_a-dtoa.o)
                                 0x92 (size before relaxing)
 .rodata._Balloc.str1.1
                0x0800603b        0x0 D:/Embedded_Toolchain/Arm-GNU-Toolchain/bin/../lib/gcc/arm-none-eabi/15.2.1/../../../../arm-none-eabi/lib/thumb/v7-m/nofp\libg_nano.a(libc_a-mprec.o)
                                 0x73 (size before relaxing)
 .rodata.__multadd.str1.1
                0x0800603b        0x0 D:/Embedded_Toolchain/Arm-GNU-Toolchain/bin/../lib/gcc/arm-none-eabi/15.2.1/../../../../arm-none-eabi/lib/thumb/v7-m/nofp\libg_nano.a(libc_a-mprec.o)
                                 0x11 (size before relaxing)
 *fill*         0x0800603b        0x1 
 .rodata.p05.0  0x0800603c        0xc D:/Embedded_Toolchain/Arm-GNU-Toolchain/bin/../lib/gcc/arm-none-eabi/15.2.1/../../../../arm-none-eabi/lib/thumb/v7-m/nofp\libg_nano.a(libc_a-mprec.o)
 .rodata.__mprec_bigtens
                0x08006048       0x28 D:/Embedded_Toolchain/Arm-GNU-Toolchain/bin/../lib/gcc/arm-none-eabi/15.2.1/../../../../arm-none-eabi/lib/thumb/v7-m/nofp\libg_nano.a(libc_a-mprec.o)
                0x08006048                __mprec_bigtens
 .rodata.__mprec_tens
                0x08006070       0xc8 D:/Embedded_Toolchain/Arm-GNU-Toolchain/bin/../lib/gcc/arm-none-eabi/15.2.1/../../../../arm-none-eabi/lib/thumb/v7-m/nofp\libg_nano.a(libc_a-mprec.o)
                0x08006070                __mprec_tens
 .rodata._vfprintf_r.str1.1
                0x08006138        0x0 D:/Embedded_Toolchain/Arm-GNU-Toolchain/bin/../lib/gcc/arm-none-eabi/15.2.1/../../../../arm-none-eabi/lib/thumb/v7-m/nofp\libg_nano.a(libc_a-nano-vfprintf.o)
                                 0x11 (size before relaxing)
 .rodata._setlocale_r.str1.1
                0x08006138        0x0 D:/Embedded_Toolchain/Arm-GNU-Toolchain/bin/../lib/gcc/arm-none-eabi/15.2.1/../../../../arm-none-eabi/lib/thumb/v7-m/nofp\libg_nano.a(libc_a-locale.o)
                                  0x9 (size before relaxing)
 .rodata.str1.1
                0x08006138        0x0 D:/Embedded_Toolchain/Arm-GNU-Toolchain/bin/../lib/gcc/arm-none-eabi/15.2.1/../../../../arm-none-eabi/lib/thumb/v7-m/nofp\libg_nano.a(libc_a-locale.o)
                                  0x2 (size before relaxing)
 .rodata.__assert_func.str1.1
                0x08006138        0x0 D:/Embedded_Toolchain/Arm-GNU-Toolchain/bin/../lib/gcc/arm-none-eabi/15.2.1/../../../../arm-none-eabi/lib/thumb/v7-m/nofp\libg_nano.a(libc_a-assert.o)
                                 0x3d (size before relaxing)
 .rodata._ctype_
                0x08006138      0x101 D:/Embedded_Toolchain/Arm-GNU-Toolchain/bin/../lib/gcc/arm-none-eabi/15.2.1/../../../../arm-none-eabi/lib/thumb/v7-m/nofp\libg_nano.a(libc_a-ctype_.o)
                0x08006138                _ctype_
                0x0800623c                        . = ALIGN (0x4)
 *fill*         0x08006239        0x3 

.ARM.extab      0x0800623c        0x0
                0x0800623c                        . = ALIGN (0x4)
 *(.ARM.extab* .gnu.linkonce.armextab.*)
                0x0800623c                        . = ALIGN (0x4)

.ARM            0x0800623c        0x8
                0x0800623c                        . = ALIGN (0x4)
                0x0800623c                        __exidx_start = .
 *(.ARM.exidx*)
 .ARM.exidx     0x0800623c        0x8 D:/Embedded_Toolchain/Arm-GNU-Toolchain/bin/../lib/gcc/arm-none-eabi/15.2.1/../../../../arm-none-eabi/lib/thumb/v7-m/nofp\libg_nano.a(libc_a-strlen.o)
                0x08006244                        __exidx_end = .
                0x08006244                        . = ALIGN (0x4)

.preinit_array  0x08006244        0x0
                0x08006244                        . = ALIGN (0x4)
                0x08006244                        PROVIDE (__preinit_array_start = .)
 *(.preinit_array*)
                0x08006244                        PROVIDE (__preinit_array_end = .)
                0x08006244                        . = ALIGN (0x4)

.init_array     0x08006244        0x4
                0x08006244                        . = ALIGN (0x4)
                0x08006244                        PROVIDE (__init_array_start = .)
 *(SORT_BY_NAME(.init_array.*))
 *(.init_array*)
 .init_array    0x08006244        0x4 D:/Embedded_Toolchain/Arm-GNU-Toolchain/bin/../lib/gcc/arm-none-eabi/15.2.1/thumb/v7-m/nofp/crtbegin.o
                0x08006248                        PROVIDE (__init_array_end = .)
                0x08006248                        . = ALIGN (0x4)

.fini_array     0x08006248        0x4
                0x08006248                        . = ALIGN (0x4)
                [!provide]                        PROVIDE (__fini_array_start = .)
 *(SORT_BY_NAME(.fini_array.*))
 *(.fini_array*)
 .fini_array    0x08006248        0x4 D:/Embedded_Toolchain/Arm-GNU-Toolchain/bin/../lib/gcc/arm-none-eabi/15.2.1/thumb/v7-m/nofp/crtbegin.o
                [!provide]                        PROVIDE (__fini_array_end = .)
                0x0800624c                        . = ALIGN (0x4)
                0x0800624c                        _sidata = LOADADDR (.data)

.rel.dyn        0x0800624c        0x0
 .rel.iplt      0x0800624c        0x0 D:/Embedded_Toolchain/Arm-GNU-Toolchain/bin/../lib/gcc/arm-none-eabi/15.2.1/thumb/v7-m/nofp/crtbegin.o

.data           0x20000000      0x1d8 load address 0x0800624c
                0x20000000                        . = ALIGN (0x4)
                0x20000000                        _sdata = .
 *(.data)
 *(.data*)
 .data.SystemCoreClock
                0x20000000        0x4 cmake/stm32cubemx/CMakeFiles/STM32_Drivers.dir/__/__/Core/Src/system_stm32f1xx.c.obj
                0x20000000                SystemCoreClock
 .data.uwTickPrio
                0x20000004        0x4 cmake/stm32cubemx/CMakeFiles/STM32_Drivers.dir/__/__/Drivers/STM32F1xx_HAL_Driver/Src/stm32f1xx_hal.c.obj
                0x20000004                uwTickPrio
 .data.uwTickFreq
                0x20000008        0x1 cmake/stm32cubemx/CMakeFiles/STM32_Drivers.dir/__/__/Drivers/STM32F1xx_HAL_Driver/Src/stm32f1xx_hal.c.obj
                0x20000008                uwTickFreq
 *fill*         0x20000009        0x3 
 .data.uxCriticalNesting
                0x2000000c        0x4 CMakeFiles/Drone_controller.dir/FreeRTOS/portable/cotex_m3/port.c.obj
 .data.__sglue  0x20000010        0xc D:/Embedded_Toolchain/Arm-GNU-Toolchain/bin/../lib/gcc/arm-none-eabi/15.2.1/../../../../arm-none-eabi/lib/thumb/v7-m/nofp\libg_nano.a(libc_a-findfp.o)
                0x20000010                __sglue
 .data._impure_ptr
                0x2000001c        0x4 D:/Embedded_Toolchain/Arm-GNU-Toolchain/bin/../lib/gcc/arm-none-eabi/15.2.1/../../../../arm-none-eabi/lib/thumb/v7-m/nofp\libg_nano.a(libc_a-impure.o)
                0x2000001c                _impure_ptr
 .data._impure_data
                0x20000020       0x4c D:/Embedded_Toolchain/Arm-GNU-Toolchain/bin/../lib/gcc/arm-none-eabi/15.2.1/../../../../arm-none-eabi/lib/thumb/v7-m/nofp\libg_nano.a(libc_a-impure.o)
                0x20000020                _impure_data
 .data.__global_locale
                0x2000006c      0x16c D:/Embedded_Toolchain/Arm-GNU-Toolchain/bin/../lib/gcc/arm-none-eabi/15.2.1/../../../../arm-none-eabi/lib/thumb/v7-m/nofp\libg_nano.a(libc_a-locale.o)
                0x2000006c                __global_locale
 *(.RamFunc)
 *(.RamFunc*)
                0x200001d8                        . = ALIGN (0x4)

.tm_clone_table
                0x200001d8        0x0 load address 0x08006424
 .tm_clone_table
                0x200001d8        0x0 D:/Embedded_Toolchain/Arm-GNU-Toolchain/bin/../lib/gcc/arm-none-eabi/15.2.1/thumb/v7-m/nofp/crtbegin.o
 .tm_clone_table
                0x200001d8        0x0 D:/Embedded_Toolchain/Arm-GNU-Toolchain/bin/../lib/gcc/arm-none-eabi/15.2.1/thumb/v7-m/nofp/crtend.o

.igot.plt       0x200001d8        0x0 load address 0x08006424
 .igot.plt      0x200001d8        0x0 D:/Embedded_Toolchain/Arm-GNU-Toolchain/bin/../lib/gcc/arm-none-eabi/15.2.1/thumb/v7-m/nofp/crtbegin.o

.tdata          0x200001d8        0x0 load address 0x08006424
 *(.tdata .tdata.* .gnu.linkonce.td.*)
                0x200001d8                        . = ALIGN (0x4)
                0x200001d8                        _edata = .
                [!provide]                        PROVIDE (__data_end = .)
                [!provide]                        PROVIDE (__tdata_end = .)
                [!provide]                        PROVIDE (__tdata_start = ADDR (.tdata))
                [!provide]                        PROVIDE (__tdata_size = (__tdata_end - __tdata_start))
                [!provide]                        PROVIDE (__data_start = ADDR (.data))
                [!provide]                        PROVIDE (__data_size = (__data_end - __data_start))
                [!provide]                        PROVIDE (__tdata_source = LOADADDR (.tdata))
                [!provide]                        PROVIDE (__tdata_source_end = (LOADADDR (.tdata) + SIZEOF (.tdata)))
                [!provide]                        PROVIDE (__tdata_source_size = (__tdata_source_end - __tdata_source))
                [!provide]                        PROVIDE (__data_source = LOADADDR (.data))
                [!provide]                        PROVIDE (__data_source_end = __tdata_source_end)
                [!provide]                        PROVIDE (__data_source_size = (__data_source_end - __data_source))

.tbss           0x200001d8        0x0 load address 0x08006424
                0x200001d8                        _sbss = .
                0x200001d8                        __bss_start__ = _sbss
 *(.tbss .tbss.*)
                0x200001d8                        . = ALIGN (0x4)
                [!provide]                        PROVIDE (__tbss_end = .)
                [!provide]                        PROVIDE (__tbss_start = ADDR (.tbss))
                [!provide]                        PROVIDE (__tbss_size = (__tbss_end - __tbss_start))
                [!provide]                        PROVIDE (__tbss_offset = (ADDR (.tbss) - ADDR (.tdata)))
                [!provide]                        PROVIDE (__tls_base = __tdata_start)
                [!provide]                        PROVIDE (__tls_end = __tbss_end)
                [!provide]                        PROVIDE (__tls_size = (__tls_end - __tls_base))
                [!provide]                        PROVIDE (__tls_align = MAX (ALIGNOF (.tdata), ALIGNOF (.tbss)))
                [!provide]                        PROVIDE (__tls_size_align = (((__tls_size + __tls_align) - 0x1) & ~ ((__tls_align - 0x1))))
                [!provide]                        PROVIDE (__arm32_tls_tcb_offset = MAX (0x8, __tls_align))
                [!provide]                        PROVIDE (__arm64_tls_tcb_offset = MAX (0x10, __tls_align))

.bss            0x200001d8     0x32dc load address 0x08006424
 *(.bss)
 *(.bss*)
 .bss.completed.1
                0x200001d8        0x1 D:/Embedded_Toolchain/Arm-GNU-Toolchain/bin/../lib/gcc/arm-none-eabi/15.2.1/thumb/v7-m/nofp/crtbegin.o
 *fill*         0x200001d9        0x3 
 .bss.object.0  0x200001dc       0x18 D:/Embedded_Toolchain/Arm-GNU-Toolchain/bin/../lib/gcc/arm-none-eabi/15.2.1/thumb/v7-m/nofp/crtbegin.o
 .bss.uwTick    0x200001f4        0x4 cmake/stm32cubemx/CMakeFiles/STM32_Drivers.dir/__/__/Drivers/STM32F1xx_HAL_Driver/Src/stm32f1xx_hal.c.obj
                0x200001f4                uwTick
 .bss.huart1    0x200001f8       0x48 CMakeFiles/Drone_controller.dir/Core/Src/usart.c.obj
                0x200001f8                huart1
 .bss.__sbrk_heap_end
                0x20000240        0x4 CMakeFiles/Drone_controller.dir/Core/Src/sysmem.c.obj
 .bss.xPWR_TaskHandle
                0x20000244        0x4 CMakeFiles/Drone_controller.dir/Application/app_freertos_task.c.obj
                0x20000244                xPWR_TaskHandle
 .bss.ucHeap    0x20000248     0x3000 CMakeFiles/Drone_controller.dir/FreeRTOS/portable/memory/heap_4.c.obj
 .bss.xStart    0x20003248        0x8 CMakeFiles/Drone_controller.dir/FreeRTOS/portable/memory/heap_4.c.obj
 .bss.pxEnd     0x20003250        0x4 CMakeFiles/Drone_controller.dir/FreeRTOS/portable/memory/heap_4.c.obj
 .bss.xFreeBytesRemaining
                0x20003254        0x4 CMakeFiles/Drone_controller.dir/FreeRTOS/portable/memory/heap_4.c.obj
 .bss.xMinimumEverFreeBytesRemaining
                0x20003258        0x4 CMakeFiles/Drone_controller.dir/FreeRTOS/portable/memory/heap_4.c.obj
 .bss.xNumberOfSuccessfulAllocations
                0x2000325c        0x4 CMakeFiles/Drone_controller.dir/FreeRTOS/portable/memory/heap_4.c.obj
 .bss.xNumberOfSuccessfulFrees
                0x20003260        0x4 CMakeFiles/Drone_controller.dir/FreeRTOS/portable/memory/heap_4.c.obj
 .bss.pxCurrentTCB
                0x20003264        0x4 CMakeFiles/Drone_controller.dir/FreeRTOS/source/tasks.c.obj
                0x20003264                pxCurrentTCB
 .bss.pxReadyTasksLists
                0x20003268       0x64 CMakeFiles/Drone_controller.dir/FreeRTOS/source/tasks.c.obj
 .bss.xDelayedTaskList1
                0x200032cc       0x14 CMakeFiles/Drone_controller.dir/FreeRTOS/source/tasks.c.obj
 .bss.xDelayedTaskList2
                0x200032e0       0x14 CMakeFiles/Drone_controller.dir/FreeRTOS/source/tasks.c.obj
 .bss.pxDelayedTaskList
                0x200032f4        0x4 CMakeFiles/Drone_controller.dir/FreeRTOS/source/tasks.c.obj
 .bss.pxOverflowDelayedTaskList
                0x200032f8        0x4 CMakeFiles/Drone_controller.dir/FreeRTOS/source/tasks.c.obj
 .bss.xPendingReadyList
                0x200032fc       0x14 CMakeFiles/Drone_controller.dir/FreeRTOS/source/tasks.c.obj
 .bss.xTasksWaitingTermination
                0x20003310       0x14 CMakeFiles/Drone_controller.dir/FreeRTOS/source/tasks.c.obj
 .bss.uxDeletedTasksWaitingCleanUp
                0x20003324        0x4 CMakeFiles/Drone_controller.dir/FreeRTOS/source/tasks.c.obj
 .bss.xSuspendedTaskList
                0x20003328       0x14 CMakeFiles/Drone_controller.dir/FreeRTOS/source/tasks.c.obj
 .bss.uxCurrentNumberOfTasks
                0x2000333c        0x4 CMakeFiles/Drone_controller.dir/FreeRTOS/source/tasks.c.obj
 .bss.xTickCount
                0x20003340        0x4 CMakeFiles/Drone_controller.dir/FreeRTOS/source/tasks.c.obj
 .bss.uxTopReadyPriority
                0x20003344        0x4 CMakeFiles/Drone_controller.dir/FreeRTOS/source/tasks.c.obj
 .bss.xSchedulerRunning
                0x20003348        0x4 CMakeFiles/Drone_controller.dir/FreeRTOS/source/tasks.c.obj
 .bss.xPendedTicks
                0x2000334c        0x4 CMakeFiles/Drone_controller.dir/FreeRTOS/source/tasks.c.obj
 .bss.xYieldPending
                0x20003350        0x4 CMakeFiles/Drone_controller.dir/FreeRTOS/source/tasks.c.obj
 .bss.xNumOfOverflows
                0x20003354        0x4 CMakeFiles/Drone_controller.dir/FreeRTOS/source/tasks.c.obj
 .bss.uxTaskNumber
                0x20003358        0x4 CMakeFiles/Drone_controller.dir/FreeRTOS/source/tasks.c.obj
 .bss.xNextTaskUnblockTime
                0x2000335c        0x4 CMakeFiles/Drone_controller.dir/FreeRTOS/source/tasks.c.obj
 .bss.xIdleTaskHandle
                0x20003360        0x4 CMakeFiles/Drone_controller.dir/FreeRTOS/source/tasks.c.obj
 .bss.uxSchedulerSuspended
                0x20003364        0x4 CMakeFiles/Drone_controller.dir/FreeRTOS/source/tasks.c.obj
 .bss.__sf      0x20003368      0x138 D:/Embedded_Toolchain/Arm-GNU-Toolchain/bin/../lib/gcc/arm-none-eabi/15.2.1/../../../../arm-none-eabi/lib/thumb/v7-m/nofp\libg_nano.a(libc_a-findfp.o)
                0x20003368                __sf
 .bss.__stdio_exit_handler
                0x200034a0        0x4 D:/Embedded_Toolchain/Arm-GNU-Toolchain/bin/../lib/gcc/arm-none-eabi/15.2.1/../../../../arm-none-eabi/lib/thumb/v7-m/nofp\libg_nano.a(libc_a-findfp.o)
                0x200034a0                __stdio_exit_handler
 .bss.errno     0x200034a4        0x4 D:/Embedded_Toolchain/Arm-GNU-Toolchain/bin/../lib/gcc/arm-none-eabi/15.2.1/../../../../arm-none-eabi/lib/thumb/v7-m/nofp\libg_nano.a(libc_a-reent.o)
                0x200034a4                errno
 .bss.__lock___malloc_recursive_mutex
                0x200034a8        0x1 D:/Embedded_Toolchain/Arm-GNU-Toolchain/bin/../lib/gcc/arm-none-eabi/15.2.1/../../../../arm-none-eabi/lib/thumb/v7-m/nofp\libg_nano.a(libc_a-lock.o)
                0x200034a8                __lock___malloc_recursive_mutex
 .bss.__lock___sfp_recursive_mutex
                0x200034a9        0x1 D:/Embedded_Toolchain/Arm-GNU-Toolchain/bin/../lib/gcc/arm-none-eabi/15.2.1/../../../../arm-none-eabi/lib/thumb/v7-m/nofp\libg_nano.a(libc_a-lock.o)
                0x200034a9                __lock___sfp_recursive_mutex
 *fill*         0x200034aa        0x2 
 .bss.__malloc_sbrk_start
                0x200034ac        0x4 D:/Embedded_Toolchain/Arm-GNU-Toolchain/bin/../lib/gcc/arm-none-eabi/15.2.1/../../../../arm-none-eabi/lib/thumb/v7-m/nofp\libg_nano.a(libc_a-mallocr.o)
                0x200034ac                __malloc_sbrk_start
 .bss.__malloc_free_list
                0x200034b0        0x4 D:/Embedded_Toolchain/Arm-GNU-Toolchain/bin/../lib/gcc/arm-none-eabi/15.2.1/../../../../arm-none-eabi/lib/thumb/v7-m/nofp\libg_nano.a(libc_a-mallocr.o)
                0x200034b0                __malloc_free_list
 *(COMMON)
                0x200034b4                        . = ALIGN (0x4)
                0x200034b4                        _ebss = .
                0x200034b4                        __bss_end__ = _ebss
                [!provide]                        PROVIDE (__bss_end = .)
                [!provide]                        PROVIDE (__non_tls_bss_start = ADDR (.bss))
                [!provide]                        PROVIDE (__bss_start = __tbss_start)
                [!provide]                        PROVIDE (__bss_size = (__bss_end - __bss_start))

._user_heap_stack
                0x200034b4      0x604 load address 0x08006424
                0x200034b8                        . = ALIGN (0x8)
 *fill*         0x200034b4        0x4 
                [!provide]                        PROVIDE (end = .)
                0x200034b8                        PROVIDE (_end = .)
                0x200036b8                        . = (. + _Min_Heap_Size)
 *fill*         0x200034b8      0x200 
                0x20003ab8                        . = (. + _Min_Stack_Size)
 *fill*         0x200036b8      0x400 
                0x20003ab8                        . = ALIGN (0x8)

/DISCARD/
 libc.a:*(*)
 libm.a:*(*)
 libgcc.a:*(*)
OUTPUT(Drone_controller.elf elf32-littlearm)
LOAD linker stubs

.ARM.attributes
                0x00000000       0x29
 .ARM.attributes
                0x00000000       0x1d D:/Embedded_Toolchain/Arm-GNU-Toolchain/bin/../lib/gcc/arm-none-eabi/15.2.1/thumb/v7-m/nofp/crti.o
 .ARM.attributes
                0x0000001d       0x2d D:/Embedded_Toolchain/Arm-GNU-Toolchain/bin/../lib/gcc/arm-none-eabi/15.2.1/thumb/v7-m/nofp/crtbegin.o
 .ARM.attributes
                0x0000004a       0x2d cmake/stm32cubemx/CMakeFiles/STM32_Drivers.dir/__/__/Core/Src/system_stm32f1xx.c.obj
 .ARM.attributes
                0x00000077       0x2d cmake/stm32cubemx/CMakeFiles/STM32_Drivers.dir/__/__/Drivers/STM32F1xx_HAL_Driver/Src/stm32f1xx_hal_uart.c.obj
 .ARM.attributes
                0x000000a4       0x2d cmake/stm32cubemx/CMakeFiles/STM32_Drivers.dir/__/__/Drivers/STM32F1xx_HAL_Driver/Src/stm32f1xx_hal.c.obj
 .ARM.attributes
                0x000000d1       0x2d cmake/stm32cubemx/CMakeFiles/STM32_Drivers.dir/__/__/Drivers/STM32F1xx_HAL_Driver/Src/stm32f1xx_hal_rcc.c.obj
 .ARM.attributes
                0x000000fe       0x2d cmake/stm32cubemx/CMakeFiles/STM32_Drivers.dir/__/__/Drivers/STM32F1xx_HAL_Driver/Src/stm32f1xx_hal_gpio.c.obj
 .ARM.attributes
                0x0000012b       0x2d cmake/stm32cubemx/CMakeFiles/STM32_Drivers.dir/__/__/Drivers/STM32F1xx_HAL_Driver/Src/stm32f1xx_hal_cortex.c.obj
 .ARM.attributes
                0x00000158       0x2d CMakeFiles/Drone_controller.dir/Core/Src/main.c.obj
 .ARM.attributes
                0x00000185       0x2d CMakeFiles/Drone_controller.dir/Core/Src/gpio.c.obj
 .ARM.attributes
                0x000001b2       0x2d CMakeFiles/Drone_controller.dir/Core/Src/usart.c.obj
 .ARM.attributes
                0x000001df       0x2d CMakeFiles/Drone_controller.dir/Core/Src/stm32f1xx_it.c.obj
 .ARM.attributes
                0x0000020c       0x2d CMakeFiles/Drone_controller.dir/Core/Src/stm32f1xx_hal_msp.c.obj
 .ARM.attributes
                0x00000239       0x2d CMakeFiles/Drone_controller.dir/Core/Src/sysmem.c.obj
 .ARM.attributes
                0x00000266       0x2d CMakeFiles/Drone_controller.dir/Core/Src/syscalls.c.obj
 .ARM.attributes
                0x00000293       0x21 CMakeFiles/Drone_controller.dir/startup_stm32f103xb.s.obj
 .ARM.attributes
                0x000002b4       0x2d CMakeFiles/Drone_controller.dir/Application/app_freertos_task.c.obj
 .ARM.attributes
                0x000002e1       0x2d CMakeFiles/Drone_controller.dir/BSP/Drivers/pwr_mgmt.c.obj
 .ARM.attributes
                0x0000030e       0x2d CMakeFiles/Drone_controller.dir/common/com_debug/com_debug.c.obj
 .ARM.attributes
                0x0000033b       0x2d CMakeFiles/Drone_controller.dir/FreeRTOS/portable/cotex_m3/port.c.obj
 .ARM.attributes
                0x00000368       0x2d CMakeFiles/Drone_controller.dir/FreeRTOS/portable/memory/heap_4.c.obj
 .ARM.attributes
                0x00000395       0x2d CMakeFiles/Drone_controller.dir/FreeRTOS/source/list.c.obj
 .ARM.attributes
                0x000003c2       0x2d CMakeFiles/Drone_controller.dir/FreeRTOS/source/tasks.c.obj
 .ARM.attributes
                0x000003ef       0x2d D:/Embedded_Toolchain/Arm-GNU-Toolchain/bin/../lib/gcc/arm-none-eabi/15.2.1/../../../../arm-none-eabi/lib/thumb/v7-m/nofp\libg_nano.a(libc_a-nano-vfprintf_float.o)
 .ARM.attributes
                0x0000041c       0x2d D:/Embedded_Toolchain/Arm-GNU-Toolchain/bin/../lib/gcc/arm-none-eabi/15.2.1/../../../../arm-none-eabi/lib/thumb/v7-m/nofp\libg_nano.a(libc_a-nano-vfprintf_i.o)
 .ARM.attributes
                0x00000449       0x2d D:/Embedded_Toolchain/Arm-GNU-Toolchain/bin/../lib/gcc/arm-none-eabi/15.2.1/../../../../arm-none-eabi/lib/thumb/v7-m/nofp\libg_nano.a(libc_a-findfp.o)
 .ARM.attributes
                0x00000476       0x2d D:/Embedded_Toolchain/Arm-GNU-Toolchain/bin/../lib/gcc/arm-none-eabi/15.2.1/../../../../arm-none-eabi/lib/thumb/v7-m/nofp\libg_nano.a(libc_a-fwalk.o)
 .ARM.attributes
                0x000004a3       0x2d D:/Embedded_Toolchain/Arm-GNU-Toolchain/bin/../lib/gcc/arm-none-eabi/15.2.1/../../../../arm-none-eabi/lib/thumb/v7-m/nofp\libg_nano.a(libc_a-printf.o)
 .ARM.attributes
                0x000004d0       0x2d D:/Embedded_Toolchain/Arm-GNU-Toolchain/bin/../lib/gcc/arm-none-eabi/15.2.1/../../../../arm-none-eabi/lib/thumb/v7-m/nofp\libg_nano.a(libc_a-stdio.o)
 .ARM.attributes
                0x000004fd       0x2d D:/Embedded_Toolchain/Arm-GNU-Toolchain/bin/../lib/gcc/arm-none-eabi/15.2.1/../../../../arm-none-eabi/lib/thumb/v7-m/nofp\libg_nano.a(libc_a-memset.o)
 .ARM.attributes
                0x0000052a       0x2d D:/Embedded_Toolchain/Arm-GNU-Toolchain/bin/../lib/gcc/arm-none-eabi/15.2.1/../../../../arm-none-eabi/lib/thumb/v7-m/nofp\libg_nano.a(libc_a-localeconv.o)
 .ARM.attributes
                0x00000557       0x2d D:/Embedded_Toolchain/Arm-GNU-Toolchain/bin/../lib/gcc/arm-none-eabi/15.2.1/../../../../arm-none-eabi/lib/thumb/v7-m/nofp\libg_nano.a(libc_a-closer.o)
 .ARM.attributes
                0x00000584       0x2d D:/Embedded_Toolchain/Arm-GNU-Toolchain/bin/../lib/gcc/arm-none-eabi/15.2.1/../../../../arm-none-eabi/lib/thumb/v7-m/nofp\libg_nano.a(libc_a-reent.o)
 .ARM.attributes
                0x000005b1       0x2d D:/Embedded_Toolchain/Arm-GNU-Toolchain/bin/../lib/gcc/arm-none-eabi/15.2.1/../../../../arm-none-eabi/lib/thumb/v7-m/nofp\libg_nano.a(libc_a-impure.o)
 .ARM.attributes
                0x000005de       0x2d D:/Embedded_Toolchain/Arm-GNU-Toolchain/bin/../lib/gcc/arm-none-eabi/15.2.1/../../../../arm-none-eabi/lib/thumb/v7-m/nofp\libg_nano.a(libc_a-lseekr.o)
 .ARM.attributes
                0x0000060b       0x2d D:/Embedded_Toolchain/Arm-GNU-Toolchain/bin/../lib/gcc/arm-none-eabi/15.2.1/../../../../arm-none-eabi/lib/thumb/v7-m/nofp\libg_nano.a(libc_a-readr.o)
 .ARM.attributes
                0x00000638       0x2d D:/Embedded_Toolchain/Arm-GNU-Toolchain/bin/../lib/gcc/arm-none-eabi/15.2.1/../../../../arm-none-eabi/lib/thumb/v7-m/nofp\libg_nano.a(libc_a-writer.o)
 .ARM.attributes
                0x00000665       0x2d D:/Embedded_Toolchain/Arm-GNU-Toolchain/bin/../lib/gcc/arm-none-eabi/15.2.1/../../../../arm-none-eabi/lib/thumb/v7-m/nofp\libg_nano.a(libc_a-errno.o)
 .ARM.attributes
                0x00000692       0x2d D:/Embedded_Toolchain/Arm-GNU-Toolchain/bin/../lib/gcc/arm-none-eabi/15.2.1/../../../../arm-none-eabi/lib/thumb/v7-m/nofp\libg_nano.a(libc_a-init.o)
 .ARM.attributes
                0x000006bf       0x2d D:/Embedded_Toolchain/Arm-GNU-Toolchain/bin/../lib/gcc/arm-none-eabi/15.2.1/../../../../arm-none-eabi/lib/thumb/v7-m/nofp\libg_nano.a(libc_a-lock.o)
 .ARM.attributes
                0x000006ec       0x2d D:/Embedded_Toolchain/Arm-GNU-Toolchain/bin/../lib/gcc/arm-none-eabi/15.2.1/../../../../arm-none-eabi/lib/thumb/v7-m/nofp\libg_nano.a(libc_a-memchr-stub.o)
 .ARM.attributes
                0x00000719       0x2d D:/Embedded_Toolchain/Arm-GNU-Toolchain/bin/../lib/gcc/arm-none-eabi/15.2.1/../../../../arm-none-eabi/lib/thumb/v7-m/nofp\libg_nano.a(libc_a-memcpy-stub.o)
 .ARM.attributes
                0x00000746       0x17 D:/Embedded_Toolchain/Arm-GNU-Toolchain/bin/../lib/gcc/arm-none-eabi/15.2.1/../../../../arm-none-eabi/lib/thumb/v7-m/nofp\libg_nano.a(libc_a-strlen.o)
 .ARM.attributes
                0x0000075d       0x2d D:/Embedded_Toolchain/Arm-GNU-Toolchain/bin/../lib/gcc/arm-none-eabi/15.2.1/../../../../arm-none-eabi/lib/thumb/v7-m/nofp\libg_nano.a(libc_a-dtoa.o)
 .ARM.attributes
                0x0000078a       0x2d D:/Embedded_Toolchain/Arm-GNU-Toolchain/bin/../lib/gcc/arm-none-eabi/15.2.1/../../../../arm-none-eabi/lib/thumb/v7-m/nofp\libg_nano.a(libc_a-freer.o)
 .ARM.attributes
                0x000007b7       0x2d D:/Embedded_Toolchain/Arm-GNU-Toolchain/bin/../lib/gcc/arm-none-eabi/15.2.1/../../../../arm-none-eabi/lib/thumb/v7-m/nofp\libg_nano.a(libc_a-malloc.o)
 .ARM.attributes
                0x000007e4       0x2d D:/Embedded_Toolchain/Arm-GNU-Toolchain/bin/../lib/gcc/arm-none-eabi/15.2.1/../../../../arm-none-eabi/lib/thumb/v7-m/nofp\libg_nano.a(libc_a-mallocr.o)
 .ARM.attributes
                0x00000811       0x2d D:/Embedded_Toolchain/Arm-GNU-Toolchain/bin/../lib/gcc/arm-none-eabi/15.2.1/../../../../arm-none-eabi/lib/thumb/v7-m/nofp\libg_nano.a(libc_a-mlock.o)
 .ARM.attributes
                0x0000083e       0x2d D:/Embedded_Toolchain/Arm-GNU-Toolchain/bin/../lib/gcc/arm-none-eabi/15.2.1/../../../../arm-none-eabi/lib/thumb/v7-m/nofp\libg_nano.a(libc_a-mprec.o)
 .ARM.attributes
                0x0000086b       0x2d D:/Embedded_Toolchain/Arm-GNU-Toolchain/bin/../lib/gcc/arm-none-eabi/15.2.1/../../../../arm-none-eabi/lib/thumb/v7-m/nofp\libg_nano.a(libc_a-nano-vfprintf.o)
 .ARM.attributes
                0x00000898       0x2d D:/Embedded_Toolchain/Arm-GNU-Toolchain/bin/../lib/gcc/arm-none-eabi/15.2.1/../../../../arm-none-eabi/lib/thumb/v7-m/nofp\libg_nano.a(libc_a-fflush.o)
 .ARM.attributes
                0x000008c5       0x2d D:/Embedded_Toolchain/Arm-GNU-Toolchain/bin/../lib/gcc/arm-none-eabi/15.2.1/../../../../arm-none-eabi/lib/thumb/v7-m/nofp\libg_nano.a(libc_a-wbuf.o)
 .ARM.attributes
                0x000008f2       0x2d D:/Embedded_Toolchain/Arm-GNU-Toolchain/bin/../lib/gcc/arm-none-eabi/15.2.1/../../../../arm-none-eabi/lib/thumb/v7-m/nofp\libg_nano.a(libc_a-wsetup.o)
 .ARM.attributes
                0x0000091f       0x2d D:/Embedded_Toolchain/Arm-GNU-Toolchain/bin/../lib/gcc/arm-none-eabi/15.2.1/../../../../arm-none-eabi/lib/thumb/v7-m/nofp\libg_nano.a(libc_a-locale.o)
 .ARM.attributes
                0x0000094c       0x2d D:/Embedded_Toolchain/Arm-GNU-Toolchain/bin/../lib/gcc/arm-none-eabi/15.2.1/../../../../arm-none-eabi/lib/thumb/v7-m/nofp\libg_nano.a(libc_a-sbrkr.o)
 .ARM.attributes
                0x00000979       0x2d D:/Embedded_Toolchain/Arm-GNU-Toolchain/bin/../lib/gcc/arm-none-eabi/15.2.1/../../../../arm-none-eabi/lib/thumb/v7-m/nofp\libg_nano.a(libc_a-assert.o)
 .ARM.attributes
                0x000009a6       0x2d D:/Embedded_Toolchain/Arm-GNU-Toolchain/bin/../lib/gcc/arm-none-eabi/15.2.1/../../../../arm-none-eabi/lib/thumb/v7-m/nofp\libg_nano.a(libc_a-callocr.o)
 .ARM.attributes
                0x000009d3       0x2d D:/Embedded_Toolchain/Arm-GNU-Toolchain/bin/../lib/gcc/arm-none-eabi/15.2.1/../../../../arm-none-eabi/lib/thumb/v7-m/nofp\libg_nano.a(libc_a-mbtowc_r.o)
 .ARM.attributes
                0x00000a00       0x2d D:/Embedded_Toolchain/Arm-GNU-Toolchain/bin/../lib/gcc/arm-none-eabi/15.2.1/../../../../arm-none-eabi/lib/thumb/v7-m/nofp\libg_nano.a(libc_a-wctomb_r.o)
 .ARM.attributes
                0x00000a2d       0x2d D:/Embedded_Toolchain/Arm-GNU-Toolchain/bin/../lib/gcc/arm-none-eabi/15.2.1/../../../../arm-none-eabi/lib/thumb/v7-m/nofp\libg_nano.a(libc_a-ctype_.o)
 .ARM.attributes
                0x00000a5a       0x2d D:/Embedded_Toolchain/Arm-GNU-Toolchain/bin/../lib/gcc/arm-none-eabi/15.2.1/../../../../arm-none-eabi/lib/thumb/v7-m/nofp\libg_nano.a(libc_a-fprintf.o)
 .ARM.attributes
                0x00000a87       0x2d D:/Embedded_Toolchain/Arm-GNU-Toolchain/bin/../lib/gcc/arm-none-eabi/15.2.1/../../../../arm-none-eabi/lib/thumb/v7-m/nofp\libg_nano.a(libc_a-makebuf.o)
 .ARM.attributes
                0x00000ab4       0x2d D:/Embedded_Toolchain/Arm-GNU-Toolchain/bin/../lib/gcc/arm-none-eabi/15.2.1/../../../../arm-none-eabi/lib/thumb/v7-m/nofp\libg_nano.a(libc_a-fstatr.o)
 .ARM.attributes
                0x00000ae1       0x2d D:/Embedded_Toolchain/Arm-GNU-Toolchain/bin/../lib/gcc/arm-none-eabi/15.2.1/../../../../arm-none-eabi/lib/thumb/v7-m/nofp\libg_nano.a(libc_a-isattyr.o)
 .ARM.attributes
                0x00000b0e       0x2d D:/Embedded_Toolchain/Arm-GNU-Toolchain/bin/../lib/gcc/arm-none-eabi/15.2.1/../../../../arm-none-eabi/lib/thumb/v7-m/nofp\libg_nano.a(libc_a-abort.o)
 .ARM.attributes
                0x00000b3b       0x2d D:/Embedded_Toolchain/Arm-GNU-Toolchain/bin/../lib/gcc/arm-none-eabi/15.2.1/../../../../arm-none-eabi/lib/thumb/v7-m/nofp\libg_nano.a(libc_a-signal.o)
 .ARM.attributes
                0x00000b68       0x2d D:/Embedded_Toolchain/Arm-GNU-Toolchain/bin/../lib/gcc/arm-none-eabi/15.2.1/../../../../arm-none-eabi/lib/thumb/v7-m/nofp\libg_nano.a(libc_a-signalr.o)
 .ARM.attributes
                0x00000b95       0x1d D:/Embedded_Toolchain/Arm-GNU-Toolchain/bin/../lib/gcc/arm-none-eabi/15.2.1/thumb/v7-m/nofp\libgcc.a(_arm_addsubdf3.o)
 .ARM.attributes
                0x00000bb2       0x1d D:/Embedded_Toolchain/Arm-GNU-Toolchain/bin/../lib/gcc/arm-none-eabi/15.2.1/thumb/v7-m/nofp\libgcc.a(_arm_muldivdf3.o)
 .ARM.attributes
                0x00000bcf       0x1d D:/Embedded_Toolchain/Arm-GNU-Toolchain/bin/../lib/gcc/arm-none-eabi/15.2.1/thumb/v7-m/nofp\libgcc.a(_arm_cmpdf2.o)
 .ARM.attributes
                0x00000bec       0x1d D:/Embedded_Toolchain/Arm-GNU-Toolchain/bin/../lib/gcc/arm-none-eabi/15.2.1/thumb/v7-m/nofp\libgcc.a(_arm_unorddf2.o)
 .ARM.attributes
                0x00000c09       0x1d D:/Embedded_Toolchain/Arm-GNU-Toolchain/bin/../lib/gcc/arm-none-eabi/15.2.1/thumb/v7-m/nofp\libgcc.a(_arm_fixdfsi.o)
 .ARM.attributes
                0x00000c26       0x2d D:/Embedded_Toolchain/Arm-GNU-Toolchain/bin/../lib/gcc/arm-none-eabi/15.2.1/thumb/v7-m/nofp/crtend.o
 .ARM.attributes
                0x00000c53       0x1d D:/Embedded_Toolchain/Arm-GNU-Toolchain/bin/../lib/gcc/arm-none-eabi/15.2.1/thumb/v7-m/nofp/crtn.o

.comment        0x00000000       0x45
 .comment       0x00000000       0x45 cmake/stm32cubemx/CMakeFiles/STM32_Drivers.dir/__/__/Core/Src/system_stm32f1xx.c.obj
                                 0x46 (size before relaxing)
 .comment       0x00000045        0x0 cmake/stm32cubemx/CMakeFiles/STM32_Drivers.dir/__/__/Drivers/STM32F1xx_HAL_Driver/Src/stm32f1xx_hal_uart.c.obj
                                 0x46 (size before relaxing)
 .comment       0x00000045        0x0 cmake/stm32cubemx/CMakeFiles/STM32_Drivers.dir/__/__/Drivers/STM32F1xx_HAL_Driver/Src/stm32f1xx_hal.c.obj
                                 0x46 (size before relaxing)
 .comment       0x00000045        0x0 cmake/stm32cubemx/CMakeFiles/STM32_Drivers.dir/__/__/Drivers/STM32F1xx_HAL_Driver/Src/stm32f1xx_hal_rcc.c.obj
                                 0x46 (size before relaxing)
 .comment       0x00000045        0x0 cmake/stm32cubemx/CMakeFiles/STM32_Drivers.dir/__/__/Drivers/STM32F1xx_HAL_Driver/Src/stm32f1xx_hal_gpio.c.obj
                                 0x46 (size before relaxing)
 .comment       0x00000045        0x0 cmake/stm32cubemx/CMakeFiles/STM32_Drivers.dir/__/__/Drivers/STM32F1xx_HAL_Driver/Src/stm32f1xx_hal_cortex.c.obj
                                 0x46 (size before relaxing)
 .comment       0x00000045        0x0 CMakeFiles/Drone_controller.dir/Core/Src/main.c.obj
                                 0x46 (size before relaxing)
 .comment       0x00000045        0x0 CMakeFiles/Drone_controller.dir/Core/Src/gpio.c.obj
                                 0x46 (size before relaxing)
 .comment       0x00000045        0x0 CMakeFiles/Drone_controller.dir/Core/Src/usart.c.obj
                                 0x46 (size before relaxing)
 .comment       0x00000045        0x0 CMakeFiles/Drone_controller.dir/Core/Src/stm32f1xx_it.c.obj
                                 0x46 (size before relaxing)
 .comment       0x00000045        0x0 CMakeFiles/Drone_controller.dir/Core/Src/stm32f1xx_hal_msp.c.obj
                                 0x46 (size before relaxing)
 .comment       0x00000045        0x0 CMakeFiles/Drone_controller.dir/Core/Src/sysmem.c.obj
                                 0x46 (size before relaxing)
 .comment       0x00000045        0x0 CMakeFiles/Drone_controller.dir/Core/Src/syscalls.c.obj
                                 0x46 (size before relaxing)
 .comment       0x00000045        0x0 CMakeFiles/Drone_controller.dir/Application/app_freertos_task.c.obj
                                 0x46 (size before relaxing)
 .comment       0x00000045        0x0 CMakeFiles/Drone_controller.dir/BSP/Drivers/pwr_mgmt.c.obj
                                 0x46 (size before relaxing)
 .comment       0x00000045        0x0 CMakeFiles/Drone_controller.dir/common/com_debug/com_debug.c.obj
                                 0x46 (size before relaxing)
 .comment       0x00000045        0x0 CMakeFiles/Drone_controller.dir/FreeRTOS/portable/cotex_m3/port.c.obj
                                 0x46 (size before relaxing)
 .comment       0x00000045        0x0 CMakeFiles/Drone_controller.dir/FreeRTOS/portable/memory/heap_4.c.obj
                                 0x46 (size before relaxing)
 .comment       0x00000045        0x0 CMakeFiles/Drone_controller.dir/FreeRTOS/source/list.c.obj
                                 0x46 (size before relaxing)
 .comment       0x00000045        0x0 CMakeFiles/Drone_controller.dir/FreeRTOS/source/tasks.c.obj
                                 0x46 (size before relaxing)

.debug_info     0x00000000     0x96e1
 .debug_info    0x00000000      0x222 cmake/stm32cubemx/CMakeFiles/STM32_Drivers.dir/__/__/Core/Src/system_stm32f1xx.c.obj
 .debug_info    0x00000222     0x2eed cmake/stm32cubemx/CMakeFiles/STM32_Drivers.dir/__/__/Drivers/STM32F1xx_HAL_Driver/Src/stm32f1xx_hal_uart.c.obj
 .debug_info    0x0000310f      0x704 cmake/stm32cubemx/CMakeFiles/STM32_Drivers.dir/__/__/Drivers/STM32F1xx_HAL_Driver/Src/stm32f1xx_hal.c.obj
 .debug_info    0x00003813      0x7d5 cmake/stm32cubemx/CMakeFiles/STM32_Drivers.dir/__/__/Drivers/STM32F1xx_HAL_Driver/Src/stm32f1xx_hal_rcc.c.obj
 .debug_info    0x00003fe8      0x5ab cmake/stm32cubemx/CMakeFiles/STM32_Drivers.dir/__/__/Drivers/STM32F1xx_HAL_Driver/Src/stm32f1xx_hal_gpio.c.obj
 .debug_info    0x00004593      0xa87 cmake/stm32cubemx/CMakeFiles/STM32_Drivers.dir/__/__/Drivers/STM32F1xx_HAL_Driver/Src/stm32f1xx_hal_cortex.c.obj
 .debug_info    0x0000501a      0x2d2 CMakeFiles/Drone_controller.dir/Core/Src/main.c.obj
 .debug_info    0x000052ec      0x2d3 CMakeFiles/Drone_controller.dir/Core/Src/gpio.c.obj
 .debug_info    0x000055bf      0x798 CMakeFiles/Drone_controller.dir/Core/Src/usart.c.obj
 .debug_info    0x00005d57      0x11b CMakeFiles/Drone_controller.dir/Core/Src/stm32f1xx_it.c.obj
 .debug_info    0x00005e72      0x1f1 CMakeFiles/Drone_controller.dir/Core/Src/stm32f1xx_hal_msp.c.obj
 .debug_info    0x00006063      0x168 CMakeFiles/Drone_controller.dir/Core/Src/sysmem.c.obj
 .debug_info    0x000061cb      0x6b4 CMakeFiles/Drone_controller.dir/Core/Src/syscalls.c.obj
 .debug_info    0x0000687f       0x30 CMakeFiles/Drone_controller.dir/startup_stm32f103xb.s.obj
 .debug_info    0x000068af      0x1fa CMakeFiles/Drone_controller.dir/Application/app_freertos_task.c.obj
 .debug_info    0x00006aa9      0x1ad CMakeFiles/Drone_controller.dir/BSP/Drivers/pwr_mgmt.c.obj
 .debug_info    0x00006c56      0x5b1 CMakeFiles/Drone_controller.dir/common/com_debug/com_debug.c.obj
 .debug_info    0x00007207      0x2e7 CMakeFiles/Drone_controller.dir/FreeRTOS/portable/cotex_m3/port.c.obj
 .debug_info    0x000074ee      0x49a CMakeFiles/Drone_controller.dir/FreeRTOS/portable/memory/heap_4.c.obj
 .debug_info    0x00007988      0x2af CMakeFiles/Drone_controller.dir/FreeRTOS/source/list.c.obj
 .debug_info    0x00007c37     0x1aaa CMakeFiles/Drone_controller.dir/FreeRTOS/source/tasks.c.obj

.debug_abbrev   0x00000000     0x225b
 .debug_abbrev  0x00000000      0x13f cmake/stm32cubemx/CMakeFiles/STM32_Drivers.dir/__/__/Core/Src/system_stm32f1xx.c.obj
 .debug_abbrev  0x0000013f      0x2f8 cmake/stm32cubemx/CMakeFiles/STM32_Drivers.dir/__/__/Drivers/STM32F1xx_HAL_Driver/Src/stm32f1xx_hal_uart.c.obj
 .debug_abbrev  0x00000437      0x201 cmake/stm32cubemx/CMakeFiles/STM32_Drivers.dir/__/__/Drivers/STM32F1xx_HAL_Driver/Src/stm32f1xx_hal.c.obj
 .debug_abbrev  0x00000638      0x2b3 cmake/stm32cubemx/CMakeFiles/STM32_Drivers.dir/__/__/Drivers/STM32F1xx_HAL_Driver/Src/stm32f1xx_hal_rcc.c.obj
 .debug_abbrev  0x000008eb      0x1ca cmake/stm32cubemx/CMakeFiles/STM32_Drivers.dir/__/__/Drivers/STM32F1xx_HAL_Driver/Src/stm32f1xx_hal_gpio.c.obj
 .debug_abbrev  0x00000ab5      0x2f8 cmake/stm32cubemx/CMakeFiles/STM32_Drivers.dir/__/__/Drivers/STM32F1xx_HAL_Driver/Src/stm32f1xx_hal_cortex.c.obj
 .debug_abbrev  0x00000dad      0x1aa CMakeFiles/Drone_controller.dir/Core/Src/main.c.obj
 .debug_abbrev  0x00000f57      0x13f CMakeFiles/Drone_controller.dir/Core/Src/gpio.c.obj
 .debug_abbrev  0x00001096      0x1e6 CMakeFiles/Drone_controller.dir/Core/Src/usart.c.obj
 .debug_abbrev  0x0000127c       0xaa CMakeFiles/Drone_controller.dir/Core/Src/stm32f1xx_it.c.obj
 .debug_abbrev  0x00001326       0xdb CMakeFiles/Drone_controller.dir/Core/Src/stm32f1xx_hal_msp.c.obj
 .debug_abbrev  0x00001401       0xbc CMakeFiles/Drone_controller.dir/Core/Src/sysmem.c.obj
 .debug_abbrev  0x000014bd      0x1bc CMakeFiles/Drone_controller.dir/Core/Src/syscalls.c.obj
 .debug_abbrev  0x00001679       0x24 CMakeFiles/Drone_controller.dir/startup_stm32f103xb.s.obj
 .debug_abbrev  0x0000169d      0x128 CMakeFiles/Drone_controller.dir/Application/app_freertos_task.c.obj
 .debug_abbrev  0x000017c5       0xfe CMakeFiles/Drone_controller.dir/BSP/Drivers/pwr_mgmt.c.obj
 .debug_abbrev  0x000018c3      0x15b CMakeFiles/Drone_controller.dir/common/com_debug/com_debug.c.obj
 .debug_abbrev  0x00001a1e      0x20c CMakeFiles/Drone_controller.dir/FreeRTOS/portable/cotex_m3/port.c.obj
 .debug_abbrev  0x00001c2a      0x1f3 CMakeFiles/Drone_controller.dir/FreeRTOS/portable/memory/heap_4.c.obj
 .debug_abbrev  0x00001e1d       0xf5 CMakeFiles/Drone_controller.dir/FreeRTOS/source/list.c.obj
 .debug_abbrev  0x00001f12      0x349 CMakeFiles/Drone_controller.dir/FreeRTOS/source/tasks.c.obj

.debug_aranges  0x00000000      0xa10
 .debug_aranges
                0x00000000       0x28 cmake/stm32cubemx/CMakeFiles/STM32_Drivers.dir/__/__/Core/Src/system_stm32f1xx.c.obj
 .debug_aranges
                0x00000028      0x208 cmake/stm32cubemx/CMakeFiles/STM32_Drivers.dir/__/__/Drivers/STM32F1xx_HAL_Driver/Src/stm32f1xx_hal_uart.c.obj
 .debug_aranges
                0x00000230       0xe0 cmake/stm32cubemx/CMakeFiles/STM32_Drivers.dir/__/__/Drivers/STM32F1xx_HAL_Driver/Src/stm32f1xx_hal.c.obj
 .debug_aranges
                0x00000310       0x90 cmake/stm32cubemx/CMakeFiles/STM32_Drivers.dir/__/__/Drivers/STM32F1xx_HAL_Driver/Src/stm32f1xx_hal_rcc.c.obj
 .debug_aranges
                0x000003a0       0x58 cmake/stm32cubemx/CMakeFiles/STM32_Drivers.dir/__/__/Drivers/STM32F1xx_HAL_Driver/Src/stm32f1xx_hal_gpio.c.obj
 .debug_aranges
                0x000003f8      0x100 cmake/stm32cubemx/CMakeFiles/STM32_Drivers.dir/__/__/Drivers/STM32F1xx_HAL_Driver/Src/stm32f1xx_hal_cortex.c.obj
 .debug_aranges
                0x000004f8       0x30 CMakeFiles/Drone_controller.dir/Core/Src/main.c.obj
 .debug_aranges
                0x00000528       0x20 CMakeFiles/Drone_controller.dir/Core/Src/gpio.c.obj
 .debug_aranges
                0x00000548       0x30 CMakeFiles/Drone_controller.dir/Core/Src/usart.c.obj
 .debug_aranges
                0x00000578       0x50 CMakeFiles/Drone_controller.dir/Core/Src/stm32f1xx_it.c.obj
 .debug_aranges
                0x000005c8       0x20 CMakeFiles/Drone_controller.dir/Core/Src/stm32f1xx_hal_msp.c.obj
 .debug_aranges
                0x000005e8       0x20 CMakeFiles/Drone_controller.dir/Core/Src/sysmem.c.obj
 .debug_aranges
                0x00000608       0xa8 CMakeFiles/Drone_controller.dir/Core/Src/syscalls.c.obj
 .debug_aranges
                0x000006b0       0x28 CMakeFiles/Drone_controller.dir/startup_stm32f103xb.s.obj
 .debug_aranges
                0x000006d8       0x28 CMakeFiles/Drone_controller.dir/Application/app_freertos_task.c.obj
 .debug_aranges
                0x00000700       0x28 CMakeFiles/Drone_controller.dir/BSP/Drivers/pwr_mgmt.c.obj
 .debug_aranges
                0x00000728       0x20 CMakeFiles/Drone_controller.dir/common/com_debug/com_debug.c.obj
 .debug_aranges
                0x00000748       0x70 CMakeFiles/Drone_controller.dir/FreeRTOS/portable/cotex_m3/port.c.obj
 .debug_aranges
                0x000007b8       0x60 CMakeFiles/Drone_controller.dir/FreeRTOS/portable/memory/heap_4.c.obj
 .debug_aranges
                0x00000818       0x40 CMakeFiles/Drone_controller.dir/FreeRTOS/source/list.c.obj
 .debug_aranges
                0x00000858      0x1b8 CMakeFiles/Drone_controller.dir/FreeRTOS/source/tasks.c.obj

.debug_rnglists
                0x00000000      0x786
 .debug_rnglists
                0x00000000       0x1a cmake/stm32cubemx/CMakeFiles/STM32_Drivers.dir/__/__/Core/Src/system_stm32f1xx.c.obj
 .debug_rnglists
                0x0000001a      0x1bc cmake/stm32cubemx/CMakeFiles/STM32_Drivers.dir/__/__/Drivers/STM32F1xx_HAL_Driver/Src/stm32f1xx_hal_uart.c.obj
 .debug_rnglists
                0x000001d6       0xa3 cmake/stm32cubemx/CMakeFiles/STM32_Drivers.dir/__/__/Drivers/STM32F1xx_HAL_Driver/Src/stm32f1xx_hal.c.obj
 .debug_rnglists